Archive member included to satisfy reference by file (symbol)

/usr/local/src/arm-gnu-toolchain-13.2/bin/../lib/gcc/arm-none-eabi/13.2.1/../../../../arm-none-eabi/lib/thumb/v7-m/nofp/libc_nano.a(libc_a-exit.o)
                              /usr/local/src/arm-gnu-toolchain-13.2/bin/../lib/gcc/arm-none-eabi/13.2.1/../../../../arm-none-eabi/lib/thumb/v7-m/nofp/crt0.o (exit)
/usr/local/src/arm-gnu-toolchain-13.2/bin/../lib/gcc/arm-none-eabi/13.2.1/../../../../arm-none-eabi/lib/thumb/v7-m/nofp/libc_nano.a(libc_a-init.o)
                              /usr/local/src/arm-gnu-toolchain-13.2/bin/../lib/gcc/arm-none-eabi/13.2.1/../../../../arm-none-eabi/lib/thumb/v7-m/nofp/crt0.o (__libc_init_array)
/usr/local/src/arm-gnu-toolchain-13.2/bin/../lib/gcc/arm-none-eabi/13.2.1/../../../../arm-none-eabi/lib/thumb/v7-m/nofp/libc_nano.a(libc_a-memcpy-stub.o)
                              build/main.o (memcpy)
/usr/local/src/arm-gnu-toolchain-13.2/bin/../lib/gcc/arm-none-eabi/13.2.1/../../../../arm-none-eabi/lib/thumb/v7-m/nofp/libc_nano.a(libc_a-findfp.o)
                              /usr/local/src/arm-gnu-toolchain-13.2/bin/../lib/gcc/arm-none-eabi/13.2.1/../../../../arm-none-eabi/lib/thumb/v7-m/nofp/libc_nano.a(libc_a-exit.o) (__stdio_exit_handler)
/usr/local/src/arm-gnu-toolchain-13.2/bin/../lib/gcc/arm-none-eabi/13.2.1/../../../../arm-none-eabi/lib/thumb/v7-m/nofp/libc_nano.a(libc_a-stdio.o)
                              /usr/local/src/arm-gnu-toolchain-13.2/bin/../lib/gcc/arm-none-eabi/13.2.1/../../../../arm-none-eabi/lib/thumb/v7-m/nofp/libc_nano.a(libc_a-findfp.o) (__sread)
/usr/local/src/arm-gnu-toolchain-13.2/bin/../lib/gcc/arm-none-eabi/13.2.1/../../../../arm-none-eabi/lib/thumb/v7-m/nofp/libc_nano.a(libc_a-readr.o)
                              /usr/local/src/arm-gnu-toolchain-13.2/bin/../lib/gcc/arm-none-eabi/13.2.1/../../../../arm-none-eabi/lib/thumb/v7-m/nofp/libc_nano.a(libc_a-stdio.o) (_read_r)
/usr/local/src/arm-gnu-toolchain-13.2/bin/../lib/gcc/arm-none-eabi/13.2.1/../../../../arm-none-eabi/lib/thumb/v7-m/nofp/libc_nano.a(libc_a-writer.o)
                              /usr/local/src/arm-gnu-toolchain-13.2/bin/../lib/gcc/arm-none-eabi/13.2.1/../../../../arm-none-eabi/lib/thumb/v7-m/nofp/libc_nano.a(libc_a-stdio.o) (_write_r)
/usr/local/src/arm-gnu-toolchain-13.2/bin/../lib/gcc/arm-none-eabi/13.2.1/../../../../arm-none-eabi/lib/thumb/v7-m/nofp/libc_nano.a(libc_a-fwalk.o)
                              /usr/local/src/arm-gnu-toolchain-13.2/bin/../lib/gcc/arm-none-eabi/13.2.1/../../../../arm-none-eabi/lib/thumb/v7-m/nofp/libc_nano.a(libc_a-findfp.o) (_fwalk_sglue)
/usr/local/src/arm-gnu-toolchain-13.2/bin/../lib/gcc/arm-none-eabi/13.2.1/../../../../arm-none-eabi/lib/thumb/v7-m/nofp/libc_nano.a(libc_a-memset.o)
                              /usr/local/src/arm-gnu-toolchain-13.2/bin/../lib/gcc/arm-none-eabi/13.2.1/../../../../arm-none-eabi/lib/thumb/v7-m/nofp/crt0.o (memset)
/usr/local/src/arm-gnu-toolchain-13.2/bin/../lib/gcc/arm-none-eabi/13.2.1/../../../../arm-none-eabi/lib/thumb/v7-m/nofp/libc_nano.a(libc_a-lock.o)
                              /usr/local/src/arm-gnu-toolchain-13.2/bin/../lib/gcc/arm-none-eabi/13.2.1/../../../../arm-none-eabi/lib/thumb/v7-m/nofp/libc_nano.a(libc_a-findfp.o) (__retarget_lock_init_recursive)
/usr/local/src/arm-gnu-toolchain-13.2/bin/../lib/gcc/arm-none-eabi/13.2.1/../../../../arm-none-eabi/lib/thumb/v7-m/nofp/libc_nano.a(libc_a-closer.o)
                              /usr/local/src/arm-gnu-toolchain-13.2/bin/../lib/gcc/arm-none-eabi/13.2.1/../../../../arm-none-eabi/lib/thumb/v7-m/nofp/libc_nano.a(libc_a-stdio.o) (_close_r)
/usr/local/src/arm-gnu-toolchain-13.2/bin/../lib/gcc/arm-none-eabi/13.2.1/../../../../arm-none-eabi/lib/thumb/v7-m/nofp/libc_nano.a(libc_a-reent.o)
                              /usr/local/src/arm-gnu-toolchain-13.2/bin/../lib/gcc/arm-none-eabi/13.2.1/../../../../arm-none-eabi/lib/thumb/v7-m/nofp/libc_nano.a(libc_a-readr.o) (errno)
/usr/local/src/arm-gnu-toolchain-13.2/bin/../lib/gcc/arm-none-eabi/13.2.1/../../../../arm-none-eabi/lib/thumb/v7-m/nofp/libc_nano.a(libc_a-impure.o)
                              /usr/local/src/arm-gnu-toolchain-13.2/bin/../lib/gcc/arm-none-eabi/13.2.1/../../../../arm-none-eabi/lib/thumb/v7-m/nofp/libc_nano.a(libc_a-reent.o) (_impure_ptr)
/usr/local/src/arm-gnu-toolchain-13.2/bin/../lib/gcc/arm-none-eabi/13.2.1/../../../../arm-none-eabi/lib/thumb/v7-m/nofp/libc_nano.a(libc_a-fflush.o)
                              /usr/local/src/arm-gnu-toolchain-13.2/bin/../lib/gcc/arm-none-eabi/13.2.1/../../../../arm-none-eabi/lib/thumb/v7-m/nofp/libc_nano.a(libc_a-findfp.o) (_fflush_r)
/usr/local/src/arm-gnu-toolchain-13.2/bin/../lib/gcc/arm-none-eabi/13.2.1/../../../../arm-none-eabi/lib/thumb/v7-m/nofp/libc_nano.a(libc_a-mallocr.o)
                              /usr/local/src/arm-gnu-toolchain-13.2/bin/../lib/gcc/arm-none-eabi/13.2.1/../../../../arm-none-eabi/lib/thumb/v7-m/nofp/libc_nano.a(libc_a-findfp.o) (_malloc_r)
[...]
Memory Configuration

Name             Origin             Length             Attributes
RAM              0x20000000         0x00005000         xrw
FLASH            0x08000000         0x00010000         xr
*default*        0x00000000         0xffffffff

Linker script and memory map

LOAD /usr/local/src/arm-gnu-toolchain-13.2/bin/../lib/gcc/arm-none-eabi/13.2.1/thumb/v7-m/nofp/crti.o
LOAD /usr/local/src/arm-gnu-toolchain-13.2/bin/../lib/gcc/arm-none-eabi/13.2.1/thumb/v7-m/nofp/crtbegin.o
LOAD /usr/local/src/arm-gnu-toolchain-13.2/bin/../lib/gcc/arm-none-eabi/13.2.1/../../../../arm-none-eabi/lib/thumb/v7-m/nofp/crt0.o
LOAD build/main.o
LOAD build/stm32f1xx_it.o
LOAD build/stm32f1xx_hal_msp.o
LOAD build/stm32f1xx_hal_gpio_ex.o
LOAD build/stm32f1xx_hal.o
LOAD build/stm32f1xx_hal_rcc.o
LOAD build/stm32f1xx_hal_rcc_ex.o
LOAD build/stm32f1xx_hal_gpio.o
LOAD build/stm32f1xx_hal_dma.o
LOAD build/stm32f1xx_hal_cortex.o
LOAD build/stm32f1xx_hal_pwr.o
LOAD build/stm32f1xx_hal_flash.o
LOAD build/stm32f1xx_hal_flash_ex.o
LOAD build/stm32f1xx_hal_exti.o
LOAD build/stm32f1xx_hal_tim.o
LOAD build/stm32f1xx_hal_tim_ex.o
LOAD build/stm32f1xx_hal_uart.o
LOAD build/system_stm32f1xx.o
LOAD build/bootloader_cmd.o
LOAD build/bootloader_io.o
LOAD build/startup_stm32f103xb.o
LOAD /usr/local/src/arm-gnu-toolchain-13.2/bin/../lib/gcc/arm-none-eabi/13.2.1/../../../../arm-none-eabi/lib/thumb/v7-m/nofp/libc_nano.a
LOAD /usr/local/src/arm-gnu-toolchain-13.2/bin/../lib/gcc/arm-none-eabi/13.2.1/../../../../arm-none-eabi/lib/thumb/v7-m/nofp/libm.a
LOAD /usr/local/src/arm-gnu-toolchain-13.2/bin/../lib/gcc/arm-none-eabi/13.2.1/../../../../arm-none-eabi/lib/thumb/v7-m/nofp/libnosys.a
START GROUP
LOAD /usr/local/src/arm-gnu-toolchain-13.2/bin/../lib/gcc/arm-none-eabi/13.2.1/thumb/v7-m/nofp/libgcc.a
LOAD /usr/local/src/arm-gnu-toolchain-13.2/bin/../lib/gcc/arm-none-eabi/13.2.1/../../../../arm-none-eabi/lib/thumb/v7-m/nofp/libc_nano.a
END GROUP
START GROUP
LOAD /usr/local/src/arm-gnu-toolchain-13.2/bin/../lib/gcc/arm-none-eabi/13.2.1/thumb/v7-m/nofp/libgcc.a
LOAD /usr/local/src/arm-gnu-toolchain-13.2/bin/../lib/gcc/arm-none-eabi/13.2.1/../../../../arm-none-eabi/lib/thumb/v7-m/nofp/libc_nano.a
END GROUP
LOAD /usr/local/src/arm-gnu-toolchain-13.2/bin/../lib/gcc/arm-none-eabi/13.2.1/thumb/v7-m/nofp/crtend.o
LOAD /usr/local/src/arm-gnu-toolchain-13.2/bin/../lib/gcc/arm-none-eabi/13.2.1/thumb/v7-m/nofp/crtn.o
                0x20005000                        _estack = (ORIGIN (RAM) + LENGTH (RAM))
                0x00000200                        _Min_Heap_Size = 0x200
                0x00000400                        _Min_Stack_Size = 0x400

.isr_vector     0x08000000      0x14c
                0x08000000                        . = ALIGN (0x4)
 *(.isr_vector)
 .isr_vector    0x08000000       0x40 build/main.o
                0x08000000                vector_table
 .isr_vector    0x08000040      0x10c build/startup_stm32f103xb.o
                0x08000040                g_pfnVectors
                0x0800014c                        . = ALIGN (0x4)

.text           0x0800014c     0x1504
                0x0800014c                        . = ALIGN (0x4)
 *(.text)
 *(.text*)
 .text.deregister_tm_clones
                0x0800014c       0x1c /usr/local/src/arm-gnu-toolchain-13.2/bin/../lib/gcc/arm-none-eabi/13.2.1/thumb/v7-m/nofp/crtbegin.o
 .text.register_tm_clones
                0x08000168       0x24 /usr/local/src/arm-gnu-toolchain-13.2/bin/../lib/gcc/arm-none-eabi/13.2.1/thumb/v7-m/nofp/crtbegin.o
 .text.__do_global_dtors_aux
                0x0800018c       0x28 /usr/local/src/arm-gnu-toolchain-13.2/bin/../lib/gcc/arm-none-eabi/13.2.1/thumb/v7-m/nofp/crtbegin.o
 .text.frame_dummy
                0x080001b4       0x24 /usr/local/src/arm-gnu-toolchain-13.2/bin/../lib/gcc/arm-none-eabi/13.2.1/thumb/v7-m/nofp/crtbegin.o
 .text.Error_Handler
                0x080001d8       0x1c build/main.o
                0x080001d8                Error_Handler
 .text.SystemClock_Config
                0x080001f4       0x4e build/main.o
                0x080001f4                SystemClock_Config
 *fill*         0x08000242        0x2 
 .text.startup.main
                0x08000244      0x168 build/main.o
                0x08000244                main
 .text._bootloader_start
                0x080003ac       0x50 build/main.o
                0x080003ac                _bootloader_start
 .text.NMI_Handler
                0x080003fc        0x2 build/stm32f1xx_it.o
                0x080003fc                NMI_Handler
 .text.HardFault_Handler
                0x080003fe        0x2 build/stm32f1xx_it.o
                0x080003fe                HardFault_Handler
 .text.MemManage_Handler
                0x08000400        0x2 build/stm32f1xx_it.o
                0x08000400                MemManage_Handler
 .text.BusFault_Handler
                0x08000402        0x2 build/stm32f1xx_it.o
                0x08000402                BusFault_Handler
 .text.UsageFault_Handler
                0x08000404        0x2 build/stm32f1xx_it.o
                0x08000404                UsageFault_Handler
 .text.SVC_Handler
                0x08000406        0x2 build/stm32f1xx_it.o
                0x08000406                SVC_Handler
 .text.DebugMon_Handler
                0x08000408        0x2 build/stm32f1xx_it.o
                0x08000408                DebugMon_Handler
 .text.PendSV_Handler
                0x0800040a        0x2 build/stm32f1xx_it.o
                0x0800040a                PendSV_Handler
 .text.SysTick_Handler
                0x0800040c        0x4 build/stm32f1xx_it.o
                0x0800040c                SysTick_Handler
 .text.HAL_MspInit
                0x08000410       0x44 build/stm32f1xx_hal_msp.o
                0x08000410                HAL_MspInit
 .text.HAL_UART_MspInit
                0x08000454       0x78 build/stm32f1xx_hal_msp.o
                0x08000454                HAL_UART_MspInit
 .text.HAL_MspDeInit
                0x080004cc        0x2 build/stm32f1xx_hal.o
                0x080004cc                HAL_MspDeInit
 *fill*         0x080004ce        0x2 
 .text.HAL_DeInit
                0x080004d0       0x20 build/stm32f1xx_hal.o
                0x080004d0                HAL_DeInit
 .text.HAL_InitTick
                0x080004f0       0x48 build/stm32f1xx_hal.o
                0x080004f0                HAL_InitTick
 .text.HAL_Init
                0x08000538       0x24 build/stm32f1xx_hal.o
                0x08000538                HAL_Init
 .text.HAL_IncTick
                0x0800055c       0x18 build/stm32f1xx_hal.o
                0x0800055c                HAL_IncTick
 .text.HAL_GetTick
                0x08000574        0xc build/stm32f1xx_hal.o
                0x08000574                HAL_GetTick
 .text.HAL_Delay
                0x08000580       0x24 build/stm32f1xx_hal.o
                0x08000580                HAL_Delay
 .text.HAL_GetDEVID
                0x080005a4       0x10 build/stm32f1xx_hal.o
                0x080005a4                HAL_GetDEVID
 .text.HAL_RCC_OscConfig
                0x080005b4      0x338 build/stm32f1xx_hal_rcc.o
                0x080005b4                HAL_RCC_OscConfig
 .text.HAL_RCC_GetSysClockFreq
                0x080008ec       0x4c build/stm32f1xx_hal_rcc.o
                0x080008ec                HAL_RCC_GetSysClockFreq
 .text.HAL_RCC_ClockConfig
                0x08000938      0x138 build/stm32f1xx_hal_rcc.o
                0x08000938                HAL_RCC_ClockConfig
 .text.HAL_RCC_GetPCLK1Freq
                0x08000a70       0x20 build/stm32f1xx_hal_rcc.o
                0x08000a70                HAL_RCC_GetPCLK1Freq
 .text.HAL_RCC_GetPCLK2Freq
                0x08000a90       0x20 build/stm32f1xx_hal_rcc.o
                0x08000a90                HAL_RCC_GetPCLK2Freq
 .text.HAL_GPIO_Init
                0x08000ab0      0x1a8 build/stm32f1xx_hal_gpio.o
                0x08000ab0                HAL_GPIO_Init
 .text.HAL_GPIO_DeInit
                0x08000c58       0xdc build/stm32f1xx_hal_gpio.o
                0x08000c58                HAL_GPIO_DeInit
 .text.HAL_GPIO_ReadPin
                0x08000d34        0xc build/stm32f1xx_hal_gpio.o
                0x08000d34                HAL_GPIO_ReadPin
 .text.HAL_GPIO_WritePin
                0x08000d40        0xa build/stm32f1xx_hal_gpio.o
                0x08000d40                HAL_GPIO_WritePin
 .text.HAL_GPIO_TogglePin
                0x08000d4a       0x12 build/stm32f1xx_hal_gpio.o
                0x08000d4a                HAL_GPIO_TogglePin
 .text.HAL_NVIC_SetPriorityGrouping
                0x08000d5c       0x24 build/stm32f1xx_hal_cortex.o
                0x08000d5c                HAL_NVIC_SetPriorityGrouping
 .text.HAL_NVIC_SetPriority
                0x08000d80       0x60 build/stm32f1xx_hal_cortex.o
                0x08000d80                HAL_NVIC_SetPriority
 .text.HAL_SYSTICK_Config
                0x08000de0       0x28 build/stm32f1xx_hal_cortex.o
                0x08000de0                HAL_SYSTICK_Config
 .text.FLASH_SetErrorCode
                0x08000e08       0x50 build/stm32f1xx_hal_flash.o
 .text.HAL_FLASH_Unlock
                0x08000e58       0x24 build/stm32f1xx_hal_flash.o
                0x08000e58                HAL_FLASH_Unlock
 .text.HAL_FLASH_Lock
                0x08000e7c       0x14 build/stm32f1xx_hal_flash.o
                0x08000e7c                HAL_FLASH_Lock
 .text.FLASH_WaitForLastOperation
                0x08000e90       0x54 build/stm32f1xx_hal_flash.o
                0x08000e90                FLASH_WaitForLastOperation
 .text.HAL_FLASH_Program
                0x08000ee4       0xa4 build/stm32f1xx_hal_flash.o
                0x08000ee4                HAL_FLASH_Program
 .text.FLASH_PageErase
                0x08000f88       0x24 build/stm32f1xx_hal_flash_ex.o
                0x08000f88                FLASH_PageErase
 .text.HAL_FLASHEx_Erase
                0x08000fac       0xa8 build/stm32f1xx_hal_flash_ex.o
                0x08000fac                HAL_FLASHEx_Erase
 .text.UART_SetConfig
                0x08001054       0x74 build/stm32f1xx_hal_uart.o
 .text.UART_WaitOnFlagUntilTimeout.constprop.0
                0x080010c8       0x6c build/stm32f1xx_hal_uart.o
 .text.HAL_UART_Init
                0x08001134       0x5e build/stm32f1xx_hal_uart.o
                0x08001134                HAL_UART_Init
 .text.HAL_UART_Transmit
                0x08001192       0x96 build/stm32f1xx_hal_uart.o
                0x08001192                HAL_UART_Transmit
 .text.HAL_UART_Receive
                0x08001228       0xa8 build/stm32f1xx_hal_uart.o
                0x08001228                HAL_UART_Receive
 .text.SystemInit
                0x080012d0        0x2 build/system_stm32f1xx.o
                0x080012d0                SystemInit
 *fill*         0x080012d2        0x2 
 .text.send_response
                0x080012d4       0x18 build/bootloader_cmd.o
 .text.bootloader_start_output
                0x080012ec       0x24 build/bootloader_cmd.o
                0x080012ec                bootloader_start_output
 .text.bootloader_proccess_input
                0x08001310      0x194 build/bootloader_cmd.o
                0x08001310                bootloader_proccess_input
 .text.bootloader_io_read
                0x080014a4       0x14 build/bootloader_io.o
                0x080014a4                bootloader_io_read
 .text.bootloader_io_write
                0x080014b8       0x14 build/bootloader_io.o
                0x080014b8                bootloader_io_write
 .text.bootloader_io_get_dev_id
                0x080014cc        0x4 build/bootloader_io.o
                0x080014cc                bootloader_io_get_dev_id
 .text.bootloader_io_program
                0x080014d0       0x40 build/bootloader_io.o
                0x080014d0                bootloader_io_program
 .text.bootloader_io_erase
                0x08001510       0x68 build/bootloader_io.o
                0x08001510                bootloader_io_erase
 .text.Reset_Handler
                0x08001578       0x48 build/startup_stm32f103xb.o
                0x08001578                Reset_Handler
 .text.Default_Handler
                0x080015c0        0x2 build/startup_stm32f103xb.o
                0x080015c0                RTC_Alarm_IRQHandler
                0x080015c0                EXTI2_IRQHandler
                0x080015c0                TIM1_CC_IRQHandler
                0x080015c0                PVD_IRQHandler
                0x080015c0                EXTI3_IRQHandler
                0x080015c0                EXTI0_IRQHandler
                0x080015c0                I2C2_EV_IRQHandler
                0x080015c0                ADC1_2_IRQHandler
                0x080015c0                SPI1_IRQHandler
                0x080015c0                TAMPER_IRQHandler
                0x080015c0                DMA1_Channel4_IRQHandler
                0x080015c0                USART3_IRQHandler
                0x080015c0                RTC_IRQHandler
                0x080015c0                DMA1_Channel7_IRQHandler
                0x080015c0                CAN1_RX1_IRQHandler
                0x080015c0                TIM4_IRQHandler
                0x080015c0                I2C1_EV_IRQHandler
                0x080015c0                DMA1_Channel6_IRQHandler
                0x080015c0                TIM3_IRQHandler
                0x080015c0                RCC_IRQHandler
                0x080015c0                TIM1_TRG_COM_IRQHandler
                0x080015c0                DMA1_Channel1_IRQHandler
                0x080015c0                Default_Handler
                0x080015c0                EXTI15_10_IRQHandler
                0x080015c0                EXTI9_5_IRQHandler
                0x080015c0                SPI2_IRQHandler
                0x080015c0                DMA1_Channel5_IRQHandler
                0x080015c0                EXTI4_IRQHandler
                0x080015c0                USB_LP_CAN1_RX0_IRQHandler
                0x080015c0                USB_HP_CAN1_TX_IRQHandler
                0x080015c0                DMA1_Channel3_IRQHandler
                0x080015c0                TIM1_UP_IRQHandler
                0x080015c0                WWDG_IRQHandler
                0x080015c0                TIM2_IRQHandler
                0x080015c0                TIM1_BRK_IRQHandler
                0x080015c0                EXTI1_IRQHandler
                0x080015c0                USART2_IRQHandler
                0x080015c0                I2C2_ER_IRQHandler
                0x080015c0                DMA1_Channel2_IRQHandler
                0x080015c0                CAN1_SCE_IRQHandler
                0x080015c0                FLASH_IRQHandler
                0x080015c0                USART1_IRQHandler
                0x080015c0                I2C1_ER_IRQHandler
                0x080015c0                USBWakeUp_IRQHandler
 *fill*         0x080015c2        0x2 
 .text.__libc_init_array
                0x080015c4       0x48 /usr/local/src/arm-gnu-toolchain-13.2/bin/../lib/gcc/arm-none-eabi/13.2.1/../../../../arm-none-eabi/lib/thumb/v7-m/nofp/libc_nano.a(libc_a-init.o)
                0x080015c4                __libc_init_array
 .text.memcpy   0x0800160c       0x1c /usr/local/src/arm-gnu-toolchain-13.2/bin/../lib/gcc/arm-none-eabi/13.2.1/../../../../arm-none-eabi/lib/thumb/v7-m/nofp/libc_nano.a(libc_a-memcpy-stub.o)
                0x0800160c                memcpy
 .text.memset   0x08001628       0x10 /usr/local/src/arm-gnu-toolchain-13.2/bin/../lib/gcc/arm-none-eabi/13.2.1/../../../../arm-none-eabi/lib/thumb/v7-m/nofp/libc_nano.a(libc_a-memset.o)
                0x08001628                memset
 *(.glue_7)
 .glue_7        0x08001638        0x0 linker stubs
 *(.glue_7t)
 .glue_7t       0x08001638        0x0 linker stubs
 *(.eh_frame)
 .eh_frame      0x08001638        0x0 /usr/local/src/arm-gnu-toolchain-13.2/bin/../lib/gcc/arm-none-eabi/13.2.1/thumb/v7-m/nofp/crtbegin.o
 *(.init)
 .init          0x08001638        0x4 /usr/local/src/arm-gnu-toolchain-13.2/bin/../lib/gcc/arm-none-eabi/13.2.1/thumb/v7-m/nofp/crti.o
                0x08001638                _init
 .init          0x0800163c        0x8 /usr/local/src/arm-gnu-toolchain-13.2/bin/../lib/gcc/arm-none-eabi/13.2.1/thumb/v7-m/nofp/crtn.o
 *(.fini)
 .fini          0x08001644        0x4 /usr/local/src/arm-gnu-toolchain-13.2/bin/../lib/gcc/arm-none-eabi/13.2.1/thumb/v7-m/nofp/crti.o
                0x08001644                _fini
 .fini          0x08001648        0x8 /usr/local/src/arm-gnu-toolchain-13.2/bin/../lib/gcc/arm-none-eabi/13.2.1/thumb/v7-m/nofp/crtn.o
                0x08001650                        . = ALIGN (0x4)
                0x08001650                        _etext = .

.vfp11_veneer   0x08001650        0x0
 .vfp11_veneer  0x08001650        0x0 linker stubs

.v4_bx          0x08001650        0x0
 .v4_bx         0x08001650        0x0 linker stubs

.iplt           0x08001650        0x0
 .iplt          0x08001650        0x0 /usr/local/src/arm-gnu-toolchain-13.2/bin/../lib/gcc/arm-none-eabi/13.2.1/thumb/v7-m/nofp/crtbegin.o

.rodata         0x08001650       0xf8
                0x08001650                        . = ALIGN (0x4)
 *(.rodata)
 *(.rodata*)
 .rodata.aPredivFactorTable.0
                0x08001650        0x2 build/stm32f1xx_hal_rcc.o
 .rodata.aPLLMULFactorTable.1
                0x08001652       0x10 build/stm32f1xx_hal_rcc.o
 .rodata.APBPrescTable
                0x08001662        0x8 build/system_stm32f1xx.o
                0x08001662                APBPrescTable
 .rodata.AHBPrescTable
                0x0800166a       0x10 build/system_stm32f1xx.o
                0x0800166a                AHBPrescTable
 .rodata.bootloader_start_output.str1.1
                0x0800167a       0xcd build/bootloader_cmd.o
                                 0x38 (size before relaxing)
 .rodata.bootloader_proccess_input.str1.1
                0x08001747       0x95 build/bootloader_cmd.o
                0x080017dc                        . = ALIGN (0x4)
 *fill*         0x08001747        0x1 

.rel.dyn        0x08001748        0x0
 .rel.iplt      0x08001748        0x0 /usr/local/src/arm-gnu-toolchain-13.2/bin/../lib/gcc/arm-none-eabi/13.2.1/thumb/v7-m/nofp/crtbegin.o

.ARM.extab
 *(.ARM.extab* .gnu.linkonce.armextab.*)

.ARM            0x08001748        0x0
                0x08001748                        __exidx_start = .
 *(.ARM.exidx*)
                0x08001748                        __exidx_end = .

.preinit_array  0x08001748        0x0
                0x08001748                        PROVIDE (__preinit_array_start = .)
 *(.preinit_array*)
                0x08001748                        PROVIDE (__preinit_array_end = .)

.init_array     0x08001748        0x4
                0x08001748                        PROVIDE (__init_array_start = .)
 *(SORT_BY_NAME(.init_array.*))
 *(.init_array*)
 .init_array    0x08001748        0x4 /usr/local/src/arm-gnu-toolchain-13.2/bin/../lib/gcc/arm-none-eabi/13.2.1/thumb/v7-m/nofp/crtbegin.o
                0x0800174c                        PROVIDE (__init_array_end = .)

.fini_array     0x0800174c        0x4
                [!provide]                        PROVIDE (__fini_array_start = .)
 *(SORT_BY_NAME(.fini_array.*))
 *(.fini_array*)
 .fini_array    0x0800174c        0x4 /usr/local/src/arm-gnu-toolchain-13.2/bin/../lib/gcc/arm-none-eabi/13.2.1/thumb/v7-m/nofp/crtbegin.o
                [!provide]                        PROVIDE (__fini_array_end = .)
                0x08001750                        _sidata = LOADADDR (.data)

.data           0x20000000       0x14 load address 0x08001750
                0x20000000                        . = ALIGN (0x4)
                0x20000000                        _sdata = .
 *(.data)
 *(.data*)
 .data.current_ticks.0
                0x20000000        0x4 build/main.o
 .data.bootloader_uart
                0x20000004        0x4 build/main.o
                0x20000004                bootloader_uart
 .data.uwTickFreq
                0x20000008        0x1 build/stm32f1xx_hal.o
                0x20000008                uwTickFreq
 *fill*         0x20000009        0x3 
 .data.uwTickPrio
                0x2000000c        0x4 build/stm32f1xx_hal.o
                0x2000000c                uwTickPrio
 .data.SystemCoreClock
                0x20000010        0x4 build/system_stm32f1xx.o
                0x20000010                SystemCoreClock
                0x20000014                        . = ALIGN (0x4)
                0x20000014                        _edata = .

.tm_clone_table
                0x20000014        0x0 load address 0x08001764
 .tm_clone_table
                0x20000014        0x0 /usr/local/src/arm-gnu-toolchain-13.2/bin/../lib/gcc/arm-none-eabi/13.2.1/thumb/v7-m/nofp/crtbegin.o
 .tm_clone_table
                0x20000014        0x0 /usr/local/src/arm-gnu-toolchain-13.2/bin/../lib/gcc/arm-none-eabi/13.2.1/thumb/v7-m/nofp/crtend.o

.igot.plt       0x20000014        0x0 load address 0x08001764
 .igot.plt      0x20000014        0x0 /usr/local/src/arm-gnu-toolchain-13.2/bin/../lib/gcc/arm-none-eabi/13.2.1/thumb/v7-m/nofp/crtbegin.o
                0x20000014                        . = ALIGN (0x4)

.bss            0x20000018      0x100 load address 0x08001764
                0x20000018                        _sbss = .
                0x20000018                        __bss_start__ = _sbss
 *(.bss)
 *(.bss*)
 .bss.completed.1
                0x20000018        0x1 /usr/local/src/arm-gnu-toolchain-13.2/bin/../lib/gcc/arm-none-eabi/13.2.1/thumb/v7-m/nofp/crtbegin.o
 *fill*         0x20000019        0x3 
 .bss.object.0  0x2000001c       0x18 /usr/local/src/arm-gnu-toolchain-13.2/bin/../lib/gcc/arm-none-eabi/13.2.1/thumb/v7-m/nofp/crtbegin.o
 .bss.huart1    0x20000034       0x48 build/main.o
                0x20000034                huart1
 .bss.uwTick    0x2000007c        0x4 build/stm32f1xx_hal.o
                0x2000007c                uwTick
 .bss.pFlash    0x20000080       0x20 build/stm32f1xx_hal_flash.o
                0x20000080                pFlash
 .bss.uart_buffer
                0x200000a0       0x78 build/bootloader_cmd.o
 *(COMMON)
                0x20000118                        . = ALIGN (0x4)
                0x20000118                        _ebss = .
                0x20000118                        __bss_end__ = _ebss

._user_heap_stack
                0x20000118      0x600 load address 0x08001764
                0x20000118                        . = ALIGN (0x8)
                0x20000118                        PROVIDE (end = .)
                [!provide]                        PROVIDE (_end = .)
                0x20000318                        . = (. + _Min_Heap_Size)
 *fill*         0x20000118      0x200 
                0x20000718                        . = (. + _Min_Stack_Size)
 *fill*         0x20000318      0x400 
                0x20000718                        . = ALIGN (0x8)

/DISCARD/
 libc.a(*)
 libm.a(*)
 libgcc.a(*)

.ARM.attributes
                0x00000000       0x29
 *(.ARM.attributes)
 .ARM.attributes
                0x00000000       0x1d /usr/local/src/arm-gnu-toolchain-13.2/bin/../lib/gcc/arm-none-eabi/13.2.1/thumb/v7-m/nofp/crti.o
 .ARM.attributes
                0x0000001d       0x2d /usr/local/src/arm-gnu-toolchain-13.2/bin/../lib/gcc/arm-none-eabi/13.2.1/thumb/v7-m/nofp/crtbegin.o
 .ARM.attributes
                0x0000004a       0x2d build/main.o
 .ARM.attributes
                0x00000077       0x2d build/stm32f1xx_it.o
 .ARM.attributes
                0x000000a4       0x2d build/stm32f1xx_hal_msp.o
 .ARM.attributes
                0x000000d1       0x2d build/stm32f1xx_hal.o
 .ARM.attributes
                0x000000fe       0x2d build/stm32f1xx_hal_rcc.o
 .ARM.attributes
                0x0000012b       0x2d build/stm32f1xx_hal_gpio.o
 .ARM.attributes
                0x00000158       0x2d build/stm32f1xx_hal_cortex.o
 .ARM.attributes
                0x00000185       0x2d build/stm32f1xx_hal_flash.o
 .ARM.attributes
                0x000001b2       0x2d build/stm32f1xx_hal_flash_ex.o
 .ARM.attributes
                0x000001df       0x2d build/stm32f1xx_hal_uart.o
 .ARM.attributes
                0x0000020c       0x2d build/system_stm32f1xx.o
 .ARM.attributes
                0x00000239       0x2d build/bootloader_cmd.o
 .ARM.attributes
                0x00000266       0x2d build/bootloader_io.o
 .ARM.attributes
                0x00000293       0x21 build/startup_stm32f103xb.o
 .ARM.attributes
                0x000002b4       0x2d /usr/local/src/arm-gnu-toolchain-13.2/bin/../lib/gcc/arm-none-eabi/13.2.1/../../../../arm-none-eabi/lib/thumb/v7-m/nofp/libc_nano.a(libc_a-init.o)
 .ARM.attributes
                0x000002e1       0x2d /usr/local/src/arm-gnu-toolchain-13.2/bin/../lib/gcc/arm-none-eabi/13.2.1/../../../../arm-none-eabi/lib/thumb/v7-m/nofp/libc_nano.a(libc_a-memcpy-stub.o)
 .ARM.attributes
                0x0000030e       0x2d /usr/local/src/arm-gnu-toolchain-13.2/bin/../lib/gcc/arm-none-eabi/13.2.1/../../../../arm-none-eabi/lib/thumb/v7-m/nofp/libc_nano.a(libc_a-memset.o)
 .ARM.attributes
                0x0000033b       0x2d /usr/local/src/arm-gnu-toolchain-13.2/bin/../lib/gcc/arm-none-eabi/13.2.1/thumb/v7-m/nofp/crtend.o
 .ARM.attributes
                0x00000368       0x1d /usr/local/src/arm-gnu-toolchain-13.2/bin/../lib/gcc/arm-none-eabi/13.2.1/thumb/v7-m/nofp/crtn.o
OUTPUT(build/Bootloader.elf elf32-littlearm)
LOAD linker stubs
LOAD /usr/local/src/arm-gnu-toolchain-13.2/bin/../lib/gcc/arm-none-eabi/13.2.1/../../../../arm-none-eabi/lib/thumb/v7-m/nofp/libc.a
LOAD /usr/local/src/arm-gnu-toolchain-13.2/bin/../lib/gcc/arm-none-eabi/13.2.1/../../../../arm-none-eabi/lib/thumb/v7-m/nofp/libm.a
LOAD /usr/local/src/arm-gnu-toolchain-13.2/bin/../lib/gcc/arm-none-eabi/13.2.1/thumb/v7-m/nofp/libgcc.a

.debug_info     0x00000000     0xb536
 .debug_info    0x00000000     0x1334 build/main.o
 .debug_info    0x00001334      0x146 build/stm32f1xx_it.o
 .debug_info    0x0000147a      0x9a1 build/stm32f1xx_hal_msp.o
 .debug_info    0x00001e1b      0x8b2 build/stm32f1xx_hal.o
 .debug_info    0x000026cd      0xb3d build/stm32f1xx_hal_rcc.o
 .debug_info    0x0000320a      0x6e1 build/stm32f1xx_hal_gpio.o
 .debug_info    0x000038eb      0xe5b build/stm32f1xx_hal_cortex.o
 .debug_info    0x00004746      0x713 build/stm32f1xx_hal_flash.o
 .debug_info    0x00004e59      0xc9a build/stm32f1xx_hal_flash_ex.o
 .debug_info    0x00005af3     0x4501 build/stm32f1xx_hal_uart.o
 .debug_info    0x00009ff4      0x26e build/system_stm32f1xx.o
 .debug_info    0x0000a262      0x7b0 build/bootloader_cmd.o
 .debug_info    0x0000aa12      0xaf4 build/bootloader_io.o
 .debug_info    0x0000b506       0x30 build/startup_stm32f103xb.o

.debug_abbrev   0x00000000     0x22c0
 .debug_abbrev  0x00000000      0x41f build/main.o
 .debug_abbrev  0x0000041f       0xb7 build/stm32f1xx_it.o
 .debug_abbrev  0x000004d6      0x1f3 build/stm32f1xx_hal_msp.o
 .debug_abbrev  0x000006c9      0x276 build/stm32f1xx_hal.o
 .debug_abbrev  0x0000093f      0x32e build/stm32f1xx_hal_rcc.o
 .debug_abbrev  0x00000c6d      0x22c build/stm32f1xx_hal_gpio.o
 .debug_abbrev  0x00000e99      0x367 build/stm32f1xx_hal_cortex.o
 .debug_abbrev  0x00001200      0x344 build/stm32f1xx_hal_flash.o
 .debug_abbrev  0x00001544      0x313 build/stm32f1xx_hal_flash_ex.o
 .debug_abbrev  0x00001857      0x441 build/stm32f1xx_hal_uart.o
 .debug_abbrev  0x00001c98      0x140 build/system_stm32f1xx.o
 .debug_abbrev  0x00001dd8      0x267 build/bootloader_cmd.o
 .debug_abbrev  0x0000203f      0x264 build/bootloader_io.o
 .debug_abbrev  0x000022a3       0x1d build/startup_stm32f103xb.o

.debug_loc      0x00000000     0x76a9
 .debug_loc     0x00000000      0x142 build/main.o
 .debug_loc     0x00000142       0xe9 build/stm32f1xx_hal_msp.o
 .debug_loc     0x0000022b      0x1eb build/stm32f1xx_hal.o
 .debug_loc     0x00000416      0x71c build/stm32f1xx_hal_rcc.o
 .debug_loc     0x00000b32      0x4f5 build/stm32f1xx_hal_gpio.o
 .debug_loc     0x00001027      0x621 build/stm32f1xx_hal_cortex.o
 .debug_loc     0x00001648      0x439 build/stm32f1xx_hal_flash.o
 .debug_loc     0x00001a81      0x936 build/stm32f1xx_hal_flash_ex.o
 .debug_loc     0x000023b7     0x4bca build/stm32f1xx_hal_uart.o
 .debug_loc     0x00006f81       0xfa build/system_stm32f1xx.o
 .debug_loc     0x0000707b      0x324 build/bootloader_cmd.o
 .debug_loc     0x0000739f      0x30a build/bootloader_io.o

.debug_aranges  0x00000000      0x6a0
 .debug_aranges
                0x00000000       0x38 build/main.o
 .debug_aranges
                0x00000038       0x60 build/stm32f1xx_it.o
 .debug_aranges
                0x00000098       0x30 build/stm32f1xx_hal_msp.o
 .debug_aranges
                0x000000c8       0xe0 build/stm32f1xx_hal.o
 .debug_aranges
                0x000001a8       0x88 build/stm32f1xx_hal_rcc.o
 .debug_aranges
                0x00000230       0x58 build/stm32f1xx_hal_gpio.o
 .debug_aranges
                0x00000288       0x90 build/stm32f1xx_hal_cortex.o
 .debug_aranges
                0x00000318       0x80 build/stm32f1xx_hal_flash.o
 .debug_aranges
                0x00000398       0x58 build/stm32f1xx_hal_flash_ex.o
 .debug_aranges
                0x000003f0      0x1f0 build/stm32f1xx_hal_uart.o
 .debug_aranges
                0x000005e0       0x28 build/system_stm32f1xx.o
 .debug_aranges
                0x00000608       0x30 build/bootloader_cmd.o
 .debug_aranges
                0x00000638       0x40 build/bootloader_io.o
 .debug_aranges
                0x00000678       0x28 build/startup_stm32f103xb.o

.debug_ranges   0x00000000      0xaa0
 .debug_ranges  0x00000000       0xd8 build/main.o
 .debug_ranges  0x000000d8       0x50 build/stm32f1xx_it.o
 .debug_ranges  0x00000128       0xa0 build/stm32f1xx_hal_msp.o
 .debug_ranges  0x000001c8       0xd0 build/stm32f1xx_hal.o
 .debug_ranges  0x00000298       0xc0 build/stm32f1xx_hal_rcc.o
 .debug_ranges  0x00000358       0x68 build/stm32f1xx_hal_gpio.o
 .debug_ranges  0x000003c0      0x168 build/stm32f1xx_hal_cortex.o
 .debug_ranges  0x00000528       0xd0 build/stm32f1xx_hal_flash.o
 .debug_ranges  0x000005f8      0x118 build/stm32f1xx_hal_flash_ex.o
 .debug_ranges  0x00000710      0x258 build/stm32f1xx_hal_uart.o
 .debug_ranges  0x00000968       0x18 build/system_stm32f1xx.o
 .debug_ranges  0x00000980       0x80 build/bootloader_cmd.o
 .debug_ranges  0x00000a00       0x80 build/bootloader_io.o
 .debug_ranges  0x00000a80       0x20 build/startup_stm32f103xb.o

.debug_line     0x00000000     0x75bc
 .debug_line    0x00000000      0x52f build/main.o
 .debug_line    0x0000052f      0x137 build/stm32f1xx_it.o
 .debug_line    0x00000666      0x285 build/stm32f1xx_hal_msp.o
 .debug_line    0x000008eb      0x519 build/stm32f1xx_hal.o
 .debug_line    0x00000e04      0xc6b build/stm32f1xx_hal_rcc.o
 .debug_line    0x00001a6f      0x54a build/stm32f1xx_hal_gpio.o
 .debug_line    0x00001fb9      0x65c build/stm32f1xx_hal_cortex.o
 .debug_line    0x00002615      0x76f build/stm32f1xx_hal_flash.o
 .debug_line    0x00002d84      0x8f1 build/stm32f1xx_hal_flash_ex.o
 .debug_line    0x00003675     0x349a build/stm32f1xx_hal_uart.o
 .debug_line    0x00006b0f      0x1eb build/system_stm32f1xx.o
 .debug_line    0x00006cfa      0x48a build/bootloader_cmd.o
 .debug_line    0x00007184      0x3c7 build/bootloader_io.o
 .debug_line    0x0000754b       0x71 build/startup_stm32f103xb.o

.debug_str      0x00000000     0x266d
 .debug_str     0x00000000     0x266d build/main.o
                                0xbb7 (size before relaxing)
 .debug_str     0x0000266d      0x203 build/stm32f1xx_it.o
 .debug_str     0x0000266d      0x69d build/stm32f1xx_hal_msp.o
 .debug_str     0x0000266d      0x80f build/stm32f1xx_hal.o
 .debug_str     0x0000266d      0x60c build/stm32f1xx_hal_rcc.o
 .debug_str     0x0000266d      0x3e1 build/stm32f1xx_hal_gpio.o
 .debug_str     0x0000266d      0x8b4 build/stm32f1xx_hal_cortex.o
 .debug_str     0x0000266d      0x510 build/stm32f1xx_hal_flash.o
 .debug_str     0x0000266d      0x626 build/stm32f1xx_hal_flash_ex.o
 .debug_str     0x0000266d      0xcd5 build/stm32f1xx_hal_uart.o
 .debug_str     0x0000266d      0x235 build/system_stm32f1xx.o
 .debug_str     0x0000266d      0x4db build/bootloader_cmd.o
 .debug_str     0x0000266d      0x8c2 build/bootloader_io.o
 .debug_str     0x0000266d       0x6c build/startup_stm32f103xb.o

.comment        0x00000000       0x44
 .comment       0x00000000       0x44 build/main.o
                                 0x45 (size before relaxing)
 .comment       0x00000044       0x45 build/stm32f1xx_it.o
 .comment       0x00000044       0x45 build/stm32f1xx_hal_msp.o
 .comment       0x00000044       0x45 build/stm32f1xx_hal.o
 .comment       0x00000044       0x45 build/stm32f1xx_hal_rcc.o
 .comment       0x00000044       0x45 build/stm32f1xx_hal_gpio.o
 .comment       0x00000044       0x45 build/stm32f1xx_hal_cortex.o
 .comment       0x00000044       0x45 build/stm32f1xx_hal_flash.o
 .comment       0x00000044       0x45 build/stm32f1xx_hal_flash_ex.o
 .comment       0x00000044       0x45 build/stm32f1xx_hal_uart.o
 .comment       0x00000044       0x45 build/system_stm32f1xx.o
 .comment       0x00000044       0x45 build/bootloader_cmd.o
 .comment       0x00000044       0x45 build/bootloader_io.o

.debug_frame    0x00000000      0xf90
 .debug_frame   0x00000000       0x80 build/main.o
 .debug_frame   0x00000080       0xa0 build/stm32f1xx_it.o
 .debug_frame   0x00000120       0x58 build/stm32f1xx_hal_msp.o
 .debug_frame   0x00000178      0x1d4 build/stm32f1xx_hal.o
 .debug_frame   0x0000034c      0x13c build/stm32f1xx_hal_rcc.o
 .debug_frame   0x00000488       0xd8 build/stm32f1xx_hal_gpio.o
 .debug_frame   0x00000560      0x120 build/stm32f1xx_hal_cortex.o
 .debug_frame   0x00000680      0x11c build/stm32f1xx_hal_flash.o
 .debug_frame   0x0000079c       0xe0 build/stm32f1xx_hal_flash_ex.o
 .debug_frame   0x0000087c      0x594 build/stm32f1xx_hal_uart.o
 .debug_frame   0x00000e10       0x30 build/system_stm32f1xx.o
 .debug_frame   0x00000e40       0x5c build/bootloader_cmd.o
 .debug_frame   0x00000e9c       0x80 build/bootloader_io.o
 .debug_frame   0x00000f1c       0x2c /usr/local/src/arm-gnu-toolchain-13.2/bin/../lib/gcc/arm-none-eabi/13.2.1/../../../../arm-none-eabi/lib/thumb/v7-m/nofp/libc_nano.a(libc_a-init.o)
 .debug_frame   0x00000f48       0x28 /usr/local/src/arm-gnu-toolchain-13.2/bin/../lib/gcc/arm-none-eabi/13.2.1/../../../../arm-none-eabi/lib/thumb/v7-m/nofp/libc_nano.a(libc_a-memcpy-stub.o)
 .debug_frame   0x00000f70       0x20 /usr/local/src/arm-gnu-toolchain-13.2/bin/../lib/gcc/arm-none-eabi/13.2.1/../../../../arm-none-eabi/lib/thumb/v7-m/nofp/libc_nano.a(libc_a-memset.o)

Cross Reference Table

Symbol                                            File
ADC1_2_IRQHandler                                 build/startup_stm32f103xb.o
AHBPrescTable                                     build/system_stm32f1xx.o
                                                  build/stm32f1xx_hal_rcc.o
APBPrescTable                                     build/system_stm32f1xx.o
                                                  build/stm32f1xx_hal_rcc.o
BusFault_Handler                                  build/stm32f1xx_it.o
CAN1_RX1_IRQHandler                               build/startup_stm32f103xb.o
CAN1_SCE_IRQHandler                               build/startup_stm32f103xb.o
DMA1_Channel1_IRQHandler                          build/startup_stm32f103xb.o
DMA1_Channel2_IRQHandler                          build/startup_stm32f103xb.o
DMA1_Channel3_IRQHandler                          build/startup_stm32f103xb.o
DMA1_Channel4_IRQHandler                          build/startup_stm32f103xb.o
DMA1_Channel5_IRQHandler                          build/startup_stm32f103xb.o
DMA1_Channel6_IRQHandler                          build/startup_stm32f103xb.o
DMA1_Channel7_IRQHandler                          build/startup_stm32f103xb.o
DebugMon_Handler                                  build/stm32f1xx_it.o
Default_Handler                                   build/startup_stm32f103xb.o
EXTI0_IRQHandler                                  build/startup_stm32f103xb.o
EXTI15_10_IRQHandler                              build/startup_stm32f103xb.o
EXTI1_IRQHandler                                  build/startup_stm32f103xb.o
EXTI2_IRQHandler                                  build/startup_stm32f103xb.o
EXTI3_IRQHandler                                  build/startup_stm32f103xb.o
EXTI4_IRQHandler                                  build/startup_stm32f103xb.o
EXTI9_5_IRQHandler                                build/startup_stm32f103xb.o
Error_Handler                                     build/main.o
FLASH_IRQHandler                                  build/startup_stm32f103xb.o
FLASH_PageErase                                   build/stm32f1xx_hal_flash_ex.o
                                                  build/stm32f1xx_hal_flash.o
FLASH_WaitForLastOperation                        build/stm32f1xx_hal_flash.o
                                                  build/stm32f1xx_hal_flash_ex.o
HAL_DBGMCU_DisableDBGSleepMode                    build/stm32f1xx_hal.o
HAL_DBGMCU_DisableDBGStandbyMode                  build/stm32f1xx_hal.o
HAL_DBGMCU_DisableDBGStopMode                     build/stm32f1xx_hal.o
HAL_DBGMCU_EnableDBGSleepMode                     build/stm32f1xx_hal.o
HAL_DBGMCU_EnableDBGStandbyMode                   build/stm32f1xx_hal.o
HAL_DBGMCU_EnableDBGStopMode                      build/stm32f1xx_hal.o
HAL_DMA_Abort                                     build/stm32f1xx_hal_dma.o
                                                  build/stm32f1xx_hal_uart.o
HAL_DMA_Abort_IT                                  build/stm32f1xx_hal_dma.o
                                                  build/stm32f1xx_hal_uart.o
HAL_DMA_DeInit                                    build/stm32f1xx_hal_dma.o
HAL_DMA_GetError                                  build/stm32f1xx_hal_dma.o
                                                  build/stm32f1xx_hal_uart.o
HAL_DMA_GetState                                  build/stm32f1xx_hal_dma.o
HAL_DMA_IRQHandler                                build/stm32f1xx_hal_dma.o
HAL_DMA_Init                                      build/stm32f1xx_hal_dma.o
HAL_DMA_PollForTransfer                           build/stm32f1xx_hal_dma.o
HAL_DMA_RegisterCallback                          build/stm32f1xx_hal_dma.o
HAL_DMA_Start                                     build/stm32f1xx_hal_dma.o
HAL_DMA_Start_IT                                  build/stm32f1xx_hal_dma.o
                                                  build/stm32f1xx_hal_uart.o
HAL_DMA_UnRegisterCallback                        build/stm32f1xx_hal_dma.o
HAL_DeInit                                        build/stm32f1xx_hal.o
                                                  build/main.o
HAL_Delay                                         build/stm32f1xx_hal.o
                                                  build/main.o
HAL_EXTI_ClearConfigLine                          build/stm32f1xx_hal_exti.o
HAL_EXTI_ClearPending                             build/stm32f1xx_hal_exti.o
HAL_EXTI_GenerateSWI                              build/stm32f1xx_hal_exti.o
HAL_EXTI_GetConfigLine                            build/stm32f1xx_hal_exti.o
HAL_EXTI_GetHandle                                build/stm32f1xx_hal_exti.o
HAL_EXTI_GetPending                               build/stm32f1xx_hal_exti.o
HAL_EXTI_IRQHandler                               build/stm32f1xx_hal_exti.o
HAL_EXTI_RegisterCallback                         build/stm32f1xx_hal_exti.o
HAL_EXTI_SetConfigLine                            build/stm32f1xx_hal_exti.o
HAL_FLASHEx_Erase                                 build/stm32f1xx_hal_flash_ex.o
                                                  build/bootloader_io.o
HAL_FLASHEx_Erase_IT                              build/stm32f1xx_hal_flash_ex.o
HAL_FLASHEx_OBErase                               build/stm32f1xx_hal_flash_ex.o
HAL_FLASHEx_OBGetConfig                           build/stm32f1xx_hal_flash_ex.o
HAL_FLASHEx_OBGetUserData                         build/stm32f1xx_hal_flash_ex.o
HAL_FLASHEx_OBProgram                             build/stm32f1xx_hal_flash_ex.o
HAL_FLASH_EndOfOperationCallback                  build/stm32f1xx_hal_flash.o
HAL_FLASH_GetError                                build/stm32f1xx_hal_flash.o
HAL_FLASH_IRQHandler                              build/stm32f1xx_hal_flash.o
HAL_FLASH_Lock                                    build/stm32f1xx_hal_flash.o
                                                  build/bootloader_io.o
HAL_FLASH_OB_Launch                               build/stm32f1xx_hal_flash.o
HAL_FLASH_OB_Lock                                 build/stm32f1xx_hal_flash.o
HAL_FLASH_OB_Unlock                               build/stm32f1xx_hal_flash.o
HAL_FLASH_OperationErrorCallback                  build/stm32f1xx_hal_flash.o
HAL_FLASH_Program                                 build/stm32f1xx_hal_flash.o
                                                  build/bootloader_io.o
HAL_FLASH_Program_IT                              build/stm32f1xx_hal_flash.o
HAL_FLASH_Unlock                                  build/stm32f1xx_hal_flash.o
                                                  build/bootloader_io.o
HAL_GPIOEx_ConfigEventout                         build/stm32f1xx_hal_gpio_ex.o
HAL_GPIOEx_DisableEventout                        build/stm32f1xx_hal_gpio_ex.o
HAL_GPIOEx_EnableEventout                         build/stm32f1xx_hal_gpio_ex.o
HAL_GPIO_DeInit                                   build/stm32f1xx_hal_gpio.o
                                                  build/stm32f1xx_hal_msp.o
                                                  build/main.o
HAL_GPIO_EXTI_Callback                            build/stm32f1xx_hal_gpio.o
HAL_GPIO_EXTI_IRQHandler                          build/stm32f1xx_hal_gpio.o
HAL_GPIO_Init                                     build/stm32f1xx_hal_gpio.o
                                                  build/stm32f1xx_hal_rcc.o
                                                  build/stm32f1xx_hal_msp.o
                                                  build/main.o
HAL_GPIO_LockPin                                  build/stm32f1xx_hal_gpio.o
HAL_GPIO_ReadPin                                  build/stm32f1xx_hal_gpio.o
                                                  build/main.o
HAL_GPIO_TogglePin                                build/stm32f1xx_hal_gpio.o
                                                  build/main.o
HAL_GPIO_WritePin                                 build/stm32f1xx_hal_gpio.o
                                                  build/main.o
HAL_GetDEVID                                      build/stm32f1xx_hal.o
                                                  build/bootloader_io.o
HAL_GetHalVersion                                 build/stm32f1xx_hal.o
HAL_GetREVID                                      build/stm32f1xx_hal.o
HAL_GetTick                                       build/stm32f1xx_hal.o
                                                  build/stm32f1xx_hal_uart.o
                                                  build/stm32f1xx_hal_flash.o
                                                  build/stm32f1xx_hal_dma.o
                                                  build/stm32f1xx_hal_rcc_ex.o
                                                  build/stm32f1xx_hal_rcc.o
                                                  build/main.o
HAL_GetTickFreq                                   build/stm32f1xx_hal.o
HAL_GetTickPrio                                   build/stm32f1xx_hal.o
HAL_GetUIDw0                                      build/stm32f1xx_hal.o
HAL_GetUIDw1                                      build/stm32f1xx_hal.o
HAL_GetUIDw2                                      build/stm32f1xx_hal.o
HAL_HalfDuplex_EnableReceiver                     build/stm32f1xx_hal_uart.o
HAL_HalfDuplex_EnableTransmitter                  build/stm32f1xx_hal_uart.o
HAL_HalfDuplex_Init                               build/stm32f1xx_hal_uart.o
HAL_IncTick                                       build/stm32f1xx_hal.o
                                                  build/stm32f1xx_it.o
HAL_Init                                          build/stm32f1xx_hal.o
                                                  build/main.o
HAL_InitTick                                      build/stm32f1xx_hal.o
                                                  build/stm32f1xx_hal_rcc.o
HAL_LIN_Init                                      build/stm32f1xx_hal_uart.o
HAL_LIN_SendBreak                                 build/stm32f1xx_hal_uart.o
HAL_MspDeInit                                     build/stm32f1xx_hal.o
HAL_MspInit                                       build/stm32f1xx_hal_msp.o
HAL_MultiProcessor_EnterMuteMode                  build/stm32f1xx_hal_uart.o
HAL_MultiProcessor_ExitMuteMode                   build/stm32f1xx_hal_uart.o
HAL_MultiProcessor_Init                           build/stm32f1xx_hal_uart.o
HAL_NVIC_ClearPendingIRQ                          build/stm32f1xx_hal_cortex.o
HAL_NVIC_DisableIRQ                               build/stm32f1xx_hal_cortex.o
HAL_NVIC_EnableIRQ                                build/stm32f1xx_hal_cortex.o
HAL_NVIC_GetActive                                build/stm32f1xx_hal_cortex.o
HAL_NVIC_GetPendingIRQ                            build/stm32f1xx_hal_cortex.o
HAL_NVIC_GetPriority                              build/stm32f1xx_hal_cortex.o
HAL_NVIC_GetPriorityGrouping                      build/stm32f1xx_hal_cortex.o
HAL_NVIC_SetPendingIRQ                            build/stm32f1xx_hal_cortex.o
HAL_NVIC_SetPriority                              build/stm32f1xx_hal_cortex.o
                                                  build/stm32f1xx_hal.o
HAL_NVIC_SetPriorityGrouping                      build/stm32f1xx_hal_cortex.o
                                                  build/stm32f1xx_hal.o
HAL_NVIC_SystemReset                              build/stm32f1xx_hal_cortex.o
                                                  build/stm32f1xx_hal_flash.o
HAL_PWR_ConfigPVD                                 build/stm32f1xx_hal_pwr.o
HAL_PWR_DeInit                                    build/stm32f1xx_hal_pwr.o
HAL_PWR_DisableBkUpAccess                         build/stm32f1xx_hal_pwr.o
HAL_PWR_DisablePVD                                build/stm32f1xx_hal_pwr.o
HAL_PWR_DisableSEVOnPend                          build/stm32f1xx_hal_pwr.o
HAL_PWR_DisableSleepOnExit                        build/stm32f1xx_hal_pwr.o
HAL_PWR_DisableWakeUpPin                          build/stm32f1xx_hal_pwr.o
HAL_PWR_EnableBkUpAccess                          build/stm32f1xx_hal_pwr.o
HAL_PWR_EnablePVD                                 build/stm32f1xx_hal_pwr.o
HAL_PWR_EnableSEVOnPend                           build/stm32f1xx_hal_pwr.o
HAL_PWR_EnableSleepOnExit                         build/stm32f1xx_hal_pwr.o
HAL_PWR_EnableWakeUpPin                           build/stm32f1xx_hal_pwr.o
HAL_PWR_EnterSLEEPMode                            build/stm32f1xx_hal_pwr.o
HAL_PWR_EnterSTANDBYMode                          build/stm32f1xx_hal_pwr.o
HAL_PWR_EnterSTOPMode                             build/stm32f1xx_hal_pwr.o
HAL_PWR_PVDCallback                               build/stm32f1xx_hal_pwr.o
HAL_PWR_PVD_IRQHandler                            build/stm32f1xx_hal_pwr.o
HAL_RCCEx_GetPeriphCLKConfig                      build/stm32f1xx_hal_rcc_ex.o
HAL_RCCEx_GetPeriphCLKFreq                        build/stm32f1xx_hal_rcc_ex.o
HAL_RCCEx_PeriphCLKConfig                         build/stm32f1xx_hal_rcc_ex.o
HAL_RCC_CSSCallback                               build/stm32f1xx_hal_rcc.o
HAL_RCC_ClockConfig                               build/stm32f1xx_hal_rcc.o
                                                  build/main.o
HAL_RCC_DeInit                                    build/stm32f1xx_hal_rcc.o
HAL_RCC_DisableCSS                                build/stm32f1xx_hal_rcc.o
HAL_RCC_EnableCSS                                 build/stm32f1xx_hal_rcc.o
HAL_RCC_GetClockConfig                            build/stm32f1xx_hal_rcc.o
HAL_RCC_GetHCLKFreq                               build/stm32f1xx_hal_rcc.o
HAL_RCC_GetOscConfig                              build/stm32f1xx_hal_rcc.o
HAL_RCC_GetPCLK1Freq                              build/stm32f1xx_hal_rcc.o
                                                  build/stm32f1xx_hal_uart.o
HAL_RCC_GetPCLK2Freq                              build/stm32f1xx_hal_rcc.o
                                                  build/stm32f1xx_hal_uart.o
                                                  build/stm32f1xx_hal_rcc_ex.o
HAL_RCC_GetSysClockFreq                           build/stm32f1xx_hal_rcc.o
HAL_RCC_MCOConfig                                 build/stm32f1xx_hal_rcc.o
HAL_RCC_NMI_IRQHandler                            build/stm32f1xx_hal_rcc.o
HAL_RCC_OscConfig                                 build/stm32f1xx_hal_rcc.o
                                                  build/main.o
HAL_ResumeTick                                    build/stm32f1xx_hal.o
HAL_SYSTICK_CLKSourceConfig                       build/stm32f1xx_hal_cortex.o
HAL_SYSTICK_Callback                              build/stm32f1xx_hal_cortex.o
HAL_SYSTICK_Config                                build/stm32f1xx_hal_cortex.o
                                                  build/stm32f1xx_hal.o
HAL_SYSTICK_IRQHandler                            build/stm32f1xx_hal_cortex.o
HAL_SetTickFreq                                   build/stm32f1xx_hal.o
HAL_SuspendTick                                   build/stm32f1xx_hal.o
HAL_UARTEx_GetRxEventType                         build/stm32f1xx_hal_uart.o
HAL_UARTEx_ReceiveToIdle                          build/stm32f1xx_hal_uart.o
HAL_UARTEx_ReceiveToIdle_DMA                      build/stm32f1xx_hal_uart.o
HAL_UARTEx_ReceiveToIdle_IT                       build/stm32f1xx_hal_uart.o
HAL_UARTEx_RxEventCallback                        build/stm32f1xx_hal_uart.o
HAL_UART_Abort                                    build/stm32f1xx_hal_uart.o
HAL_UART_AbortCpltCallback                        build/stm32f1xx_hal_uart.o
HAL_UART_AbortReceive                             build/stm32f1xx_hal_uart.o
HAL_UART_AbortReceiveCpltCallback                 build/stm32f1xx_hal_uart.o
HAL_UART_AbortReceive_IT                          build/stm32f1xx_hal_uart.o
HAL_UART_AbortTransmit                            build/stm32f1xx_hal_uart.o
HAL_UART_AbortTransmitCpltCallback                build/stm32f1xx_hal_uart.o
HAL_UART_AbortTransmit_IT                         build/stm32f1xx_hal_uart.o
HAL_UART_Abort_IT                                 build/stm32f1xx_hal_uart.o
HAL_UART_DMAPause                                 build/stm32f1xx_hal_uart.o
HAL_UART_DMAResume                                build/stm32f1xx_hal_uart.o
HAL_UART_DMAStop                                  build/stm32f1xx_hal_uart.o
HAL_UART_DeInit                                   build/stm32f1xx_hal_uart.o
HAL_UART_ErrorCallback                            build/stm32f1xx_hal_uart.o
HAL_UART_GetError                                 build/stm32f1xx_hal_uart.o
HAL_UART_GetState                                 build/stm32f1xx_hal_uart.o
HAL_UART_IRQHandler                               build/stm32f1xx_hal_uart.o
HAL_UART_Init                                     build/stm32f1xx_hal_uart.o
                                                  build/main.o
HAL_UART_MspDeInit                                build/stm32f1xx_hal_msp.o
HAL_UART_MspInit                                  build/stm32f1xx_hal_msp.o
HAL_UART_Receive                                  build/stm32f1xx_hal_uart.o
                                                  build/bootloader_io.o
HAL_UART_Receive_DMA                              build/stm32f1xx_hal_uart.o
HAL_UART_Receive_IT                               build/stm32f1xx_hal_uart.o
HAL_UART_RxCpltCallback                           build/stm32f1xx_hal_uart.o
HAL_UART_RxHalfCpltCallback                       build/stm32f1xx_hal_uart.o
HAL_UART_Transmit                                 build/stm32f1xx_hal_uart.o
                                                  build/bootloader_io.o
HAL_UART_Transmit_DMA                             build/stm32f1xx_hal_uart.o
HAL_UART_Transmit_IT                              build/stm32f1xx_hal_uart.o
HAL_UART_TxCpltCallback                           build/stm32f1xx_hal_uart.o
HAL_UART_TxHalfCpltCallback                       build/stm32f1xx_hal_uart.o
HardFault_Handler                                 build/stm32f1xx_it.o
I2C1_ER_IRQHandler                                build/startup_stm32f103xb.o
I2C1_EV_IRQHandler                                build/startup_stm32f103xb.o
I2C2_ER_IRQHandler                                build/startup_stm32f103xb.o
I2C2_EV_IRQHandler                                build/startup_stm32f103xb.o
MemManage_Handler                                 build/stm32f1xx_it.o
NMI_Handler                                       build/stm32f1xx_it.o
PVD_IRQHandler                                    build/startup_stm32f103xb.o
PendSV_Handler                                    build/stm32f1xx_it.o
RCC_IRQHandler                                    build/startup_stm32f103xb.o
RTC_Alarm_IRQHandler                              build/startup_stm32f103xb.o
RTC_IRQHandler                                    build/startup_stm32f103xb.o
Reset_Handler                                     build/startup_stm32f103xb.o
SPI1_IRQHandler                                   build/startup_stm32f103xb.o
SPI2_IRQHandler                                   build/startup_stm32f103xb.o
SVC_Handler                                       build/stm32f1xx_it.o
SysTick_Handler                                   build/stm32f1xx_it.o
                                                  build/main.o
SystemClock_Config                                build/main.o
SystemCoreClock                                   build/system_stm32f1xx.o
                                                  build/stm32f1xx_hal_rcc.o
                                                  build/stm32f1xx_hal.o
SystemCoreClockUpdate                             build/system_stm32f1xx.o
SystemInit                                        build/system_stm32f1xx.o
                                                  build/startup_stm32f103xb.o
TAMPER_IRQHandler                                 build/startup_stm32f103xb.o
TIM1_BRK_IRQHandler                               build/startup_stm32f103xb.o
TIM1_CC_IRQHandler                                build/startup_stm32f103xb.o
TIM1_TRG_COM_IRQHandler                           build/startup_stm32f103xb.o
TIM1_UP_IRQHandler                                build/startup_stm32f103xb.o
TIM2_IRQHandler                                   build/startup_stm32f103xb.o
TIM3_IRQHandler                                   build/startup_stm32f103xb.o
TIM4_IRQHandler                                   build/startup_stm32f103xb.o
UART_Start_Receive_DMA                            build/stm32f1xx_hal_uart.o
UART_Start_Receive_IT                             build/stm32f1xx_hal_uart.o
USART1_IRQHandler                                 build/startup_stm32f103xb.o
USART2_IRQHandler                                 build/startup_stm32f103xb.o
USART3_IRQHandler                                 build/startup_stm32f103xb.o
USBWakeUp_IRQHandler                              build/startup_stm32f103xb.o
USB_HP_CAN1_TX_IRQHandler                         build/startup_stm32f103xb.o
USB_LP_CAN1_RX0_IRQHandler                        build/startup_stm32f103xb.o
UsageFault_Handler                                build/stm32f1xx_it.o
WWDG_IRQHandler                                   build/startup_stm32f103xb.o
_ITM_deregisterTMCloneTable                       /usr/local/src/arm-gnu-toolchain-13.2/bin/../lib/gcc/arm-none-eabi/13.2.1/thumb/v7-m/nofp/crtbegin.o
_ITM_registerTMCloneTable                         /usr/local/src/arm-gnu-toolchain-13.2/bin/../lib/gcc/arm-none-eabi/13.2.1/thumb/v7-m/nofp/crtbegin.o
__TMC_END__                                       /usr/local/src/arm-gnu-toolchain-13.2/bin/../lib/gcc/arm-none-eabi/13.2.1/thumb/v7-m/nofp/crtend.o
                                                  /usr/local/src/arm-gnu-toolchain-13.2/bin/../lib/gcc/arm-none-eabi/13.2.1/thumb/v7-m/nofp/crtbegin.o
__bss_end__                                       /usr/local/src/arm-gnu-toolchain-13.2/bin/../lib/gcc/arm-none-eabi/13.2.1/../../../../arm-none-eabi/lib/thumb/v7-m/nofp/crt0.o
__bss_start__                                     /usr/local/src/arm-gnu-toolchain-13.2/bin/../lib/gcc/arm-none-eabi/13.2.1/../../../../arm-none-eabi/lib/thumb/v7-m/nofp/crt0.o
__call_exitprocs                                  /usr/local/src/arm-gnu-toolchain-13.2/bin/../lib/gcc/arm-none-eabi/13.2.1/../../../../arm-none-eabi/lib/thumb/v7-m/nofp/libc_nano.a(libc_a-exit.o)
__deregister_frame_info                           /usr/local/src/arm-gnu-toolchain-13.2/bin/../lib/gcc/arm-none-eabi/13.2.1/thumb/v7-m/nofp/crtbegin.o
__dso_handle                                      /usr/local/src/arm-gnu-toolchain-13.2/bin/../lib/gcc/arm-none-eabi/13.2.1/thumb/v7-m/nofp/crtbegin.o
__fp_lock_all                                     /usr/local/src/arm-gnu-toolchain-13.2/bin/../lib/gcc/arm-none-eabi/13.2.1/../../../../arm-none-eabi/lib/thumb/v7-m/nofp/libc_nano.a(libc_a-findfp.o)
__fp_unlock_all                                   /usr/local/src/arm-gnu-toolchain-13.2/bin/../lib/gcc/arm-none-eabi/13.2.1/../../../../arm-none-eabi/lib/thumb/v7-m/nofp/libc_nano.a(libc_a-findfp.o)
__init_array_end                                  /usr/local/src/arm-gnu-toolchain-13.2/bin/../lib/gcc/arm-none-eabi/13.2.1/../../../../arm-none-eabi/lib/thumb/v7-m/nofp/libc_nano.a(libc_a-init.o)
__init_array_start                                /usr/local/src/arm-gnu-toolchain-13.2/bin/../lib/gcc/arm-none-eabi/13.2.1/../../../../arm-none-eabi/lib/thumb/v7-m/nofp/libc_nano.a(libc_a-init.o)
__libc_fini_array                                 /usr/local/src/arm-gnu-toolchain-13.2/bin/../lib/gcc/arm-none-eabi/13.2.1/../../../../arm-none-eabi/lib/thumb/v7-m/nofp/crt0.o
__libc_init_array                                 /usr/local/src/arm-gnu-toolchain-13.2/bin/../lib/gcc/arm-none-eabi/13.2.1/../../../../arm-none-eabi/lib/thumb/v7-m/nofp/libc_nano.a(libc_a-init.o)
                                                  build/startup_stm32f103xb.o
                                                  /usr/local/src/arm-gnu-toolchain-13.2/bin/../lib/gcc/arm-none-eabi/13.2.1/../../../../arm-none-eabi/lib/thumb/v7-m/nofp/crt0.o
__lock___arc4random_mutex                         /usr/local/src/arm-gnu-toolchain-13.2/bin/../lib/gcc/arm-none-eabi/13.2.1/../../../../arm-none-eabi/lib/thumb/v7-m/nofp/libc_nano.a(libc_a-lock.o)
__lock___at_quick_exit_mutex                      /usr/local/src/arm-gnu-toolchain-13.2/bin/../lib/gcc/arm-none-eabi/13.2.1/../../../../arm-none-eabi/lib/thumb/v7-m/nofp/libc_nano.a(libc_a-lock.o)
__lock___atexit_recursive_mutex                   /usr/local/src/arm-gnu-toolchain-13.2/bin/../lib/gcc/arm-none-eabi/13.2.1/../../../../arm-none-eabi/lib/thumb/v7-m/nofp/libc_nano.a(libc_a-lock.o)
__lock___dd_hash_mutex                            /usr/local/src/arm-gnu-toolchain-13.2/bin/../lib/gcc/arm-none-eabi/13.2.1/../../../../arm-none-eabi/lib/thumb/v7-m/nofp/libc_nano.a(libc_a-lock.o)
__lock___env_recursive_mutex                      /usr/local/src/arm-gnu-toolchain-13.2/bin/../lib/gcc/arm-none-eabi/13.2.1/../../../../arm-none-eabi/lib/thumb/v7-m/nofp/libc_nano.a(libc_a-lock.o)
__lock___malloc_recursive_mutex                   /usr/local/src/arm-gnu-toolchain-13.2/bin/../lib/gcc/arm-none-eabi/13.2.1/../../../../arm-none-eabi/lib/thumb/v7-m/nofp/libc_nano.a(libc_a-lock.o)
                                                  /usr/local/src/arm-gnu-toolchain-13.2/bin/../lib/gcc/arm-none-eabi/13.2.1/../../../../arm-none-eabi/lib/thumb/v7-m/nofp/libc_nano.a(libc_a-mlock.o)
__lock___sfp_recursive_mutex                      /usr/local/src/arm-gnu-toolchain-13.2/bin/../lib/gcc/arm-none-eabi/13.2.1/../../../../arm-none-eabi/lib/thumb/v7-m/nofp/libc_nano.a(libc_a-lock.o)
                                                  /usr/local/src/arm-gnu-toolchain-13.2/bin/../lib/gcc/arm-none-eabi/13.2.1/../../../../arm-none-eabi/lib/thumb/v7-m/nofp/libc_nano.a(libc_a-findfp.o)
__lock___tz_mutex                                 /usr/local/src/arm-gnu-toolchain-13.2/bin/../lib/gcc/arm-none-eabi/13.2.1/../../../../arm-none-eabi/lib/thumb/v7-m/nofp/libc_nano.a(libc_a-lock.o)
__malloc_free_list                                /usr/local/src/arm-gnu-toolchain-13.2/bin/../lib/gcc/arm-none-eabi/13.2.1/../../../../arm-none-eabi/lib/thumb/v7-m/nofp/libc_nano.a(libc_a-mallocr.o)
                                                  /usr/local/src/arm-gnu-toolchain-13.2/bin/../lib/gcc/arm-none-eabi/13.2.1/../../../../arm-none-eabi/lib/thumb/v7-m/nofp/libc_nano.a(libc_a-freer.o)
__malloc_lock                                     /usr/local/src/arm-gnu-toolchain-13.2/bin/../lib/gcc/arm-none-eabi/13.2.1/../../../../arm-none-eabi/lib/thumb/v7-m/nofp/libc_nano.a(libc_a-mlock.o)
                                                  /usr/local/src/arm-gnu-toolchain-13.2/bin/../lib/gcc/arm-none-eabi/13.2.1/../../../../arm-none-eabi/lib/thumb/v7-m/nofp/libc_nano.a(libc_a-freer.o)
                                                  /usr/local/src/arm-gnu-toolchain-13.2/bin/../lib/gcc/arm-none-eabi/13.2.1/../../../../arm-none-eabi/lib/thumb/v7-m/nofp/libc_nano.a(libc_a-mallocr.o)
__malloc_sbrk_start                               /usr/local/src/arm-gnu-toolchain-13.2/bin/../lib/gcc/arm-none-eabi/13.2.1/../../../../arm-none-eabi/lib/thumb/v7-m/nofp/libc_nano.a(libc_a-mallocr.o)
__malloc_unlock                                   /usr/local/src/arm-gnu-toolchain-13.2/bin/../lib/gcc/arm-none-eabi/13.2.1/../../../../arm-none-eabi/lib/thumb/v7-m/nofp/libc_nano.a(libc_a-mlock.o)
                                                  /usr/local/src/arm-gnu-toolchain-13.2/bin/../lib/gcc/arm-none-eabi/13.2.1/../../../../arm-none-eabi/lib/thumb/v7-m/nofp/libc_nano.a(libc_a-freer.o)
                                                  /usr/local/src/arm-gnu-toolchain-13.2/bin/../lib/gcc/arm-none-eabi/13.2.1/../../../../arm-none-eabi/lib/thumb/v7-m/nofp/libc_nano.a(libc_a-mallocr.o)
__preinit_array_end                               /usr/local/src/arm-gnu-toolchain-13.2/bin/../lib/gcc/arm-none-eabi/13.2.1/../../../../arm-none-eabi/lib/thumb/v7-m/nofp/libc_nano.a(libc_a-init.o)
__preinit_array_start                             /usr/local/src/arm-gnu-toolchain-13.2/bin/../lib/gcc/arm-none-eabi/13.2.1/../../../../arm-none-eabi/lib/thumb/v7-m/nofp/libc_nano.a(libc_a-init.o)
__register_frame_info                             /usr/local/src/arm-gnu-toolchain-13.2/bin/../lib/gcc/arm-none-eabi/13.2.1/thumb/v7-m/nofp/crtbegin.o
__retarget_lock_acquire                           /usr/local/src/arm-gnu-toolchain-13.2/bin/../lib/gcc/arm-none-eabi/13.2.1/../../../../arm-none-eabi/lib/thumb/v7-m/nofp/libc_nano.a(libc_a-lock.o)
__retarget_lock_acquire_recursive                 /usr/local/src/arm-gnu-toolchain-13.2/bin/../lib/gcc/arm-none-eabi/13.2.1/../../../../arm-none-eabi/lib/thumb/v7-m/nofp/libc_nano.a(libc_a-lock.o)
                                                  /usr/local/src/arm-gnu-toolchain-13.2/bin/../lib/gcc/arm-none-eabi/13.2.1/../../../../arm-none-eabi/lib/thumb/v7-m/nofp/libc_nano.a(libc_a-mlock.o)
                                                  /usr/local/src/arm-gnu-toolchain-13.2/bin/../lib/gcc/arm-none-eabi/13.2.1/../../../../arm-none-eabi/lib/thumb/v7-m/nofp/libc_nano.a(libc_a-fflush.o)
                                                  /usr/local/src/arm-gnu-toolchain-13.2/bin/../lib/gcc/arm-none-eabi/13.2.1/../../../../arm-none-eabi/lib/thumb/v7-m/nofp/libc_nano.a(libc_a-findfp.o)
__retarget_lock_close                             /usr/local/src/arm-gnu-toolchain-13.2/bin/../lib/gcc/arm-none-eabi/13.2.1/../../../../arm-none-eabi/lib/thumb/v7-m/nofp/libc_nano.a(libc_a-lock.o)
__retarget_lock_close_recursive                   /usr/local/src/arm-gnu-toolchain-13.2/bin/../lib/gcc/arm-none-eabi/13.2.1/../../../../arm-none-eabi/lib/thumb/v7-m/nofp/libc_nano.a(libc_a-lock.o)
__retarget_lock_init                              /usr/local/src/arm-gnu-toolchain-13.2/bin/../lib/gcc/arm-none-eabi/13.2.1/../../../../arm-none-eabi/lib/thumb/v7-m/nofp/libc_nano.a(libc_a-lock.o)
__retarget_lock_init_recursive                    /usr/local/src/arm-gnu-toolchain-13.2/bin/../lib/gcc/arm-none-eabi/13.2.1/../../../../arm-none-eabi/lib/thumb/v7-m/nofp/libc_nano.a(libc_a-lock.o)
                                                  /usr/local/src/arm-gnu-toolchain-13.2/bin/../lib/gcc/arm-none-eabi/13.2.1/../../../../arm-none-eabi/lib/thumb/v7-m/nofp/libc_nano.a(libc_a-findfp.o)
__retarget_lock_release                           /usr/local/src/arm-gnu-toolchain-13.2/bin/../lib/gcc/arm-none-eabi/13.2.1/../../../../arm-none-eabi/lib/thumb/v7-m/nofp/libc_nano.a(libc_a-lock.o)
__retarget_lock_release_recursive                 /usr/local/src/arm-gnu-toolchain-13.2/bin/../lib/gcc/arm-none-eabi/13.2.1/../../../../arm-none-eabi/lib/thumb/v7-m/nofp/libc_nano.a(libc_a-lock.o)
                                                  /usr/local/src/arm-gnu-toolchain-13.2/bin/../lib/gcc/arm-none-eabi/13.2.1/../../../../arm-none-eabi/lib/thumb/v7-m/nofp/libc_nano.a(libc_a-mlock.o)
                                                  /usr/local/src/arm-gnu-toolchain-13.2/bin/../lib/gcc/arm-none-eabi/13.2.1/../../../../arm-none-eabi/lib/thumb/v7-m/nofp/libc_nano.a(libc_a-fflush.o)
                                                  /usr/local/src/arm-gnu-toolchain-13.2/bin/../lib/gcc/arm-none-eabi/13.2.1/../../../../arm-none-eabi/lib/thumb/v7-m/nofp/libc_nano.a(libc_a-findfp.o)
__retarget_lock_try_acquire                       /usr/local/src/arm-gnu-toolchain-13.2/bin/../lib/gcc/arm-none-eabi/13.2.1/../../../../arm-none-eabi/lib/thumb/v7-m/nofp/libc_nano.a(libc_a-lock.o)
__retarget_lock_try_acquire_recursive             /usr/local/src/arm-gnu-toolchain-13.2/bin/../lib/gcc/arm-none-eabi/13.2.1/../../../../arm-none-eabi/lib/thumb/v7-m/nofp/libc_nano.a(libc_a-lock.o)
__sclose                                          /usr/local/src/arm-gnu-toolchain-13.2/bin/../lib/gcc/arm-none-eabi/13.2.1/../../../../arm-none-eabi/lib/thumb/v7-m/nofp/libc_nano.a(libc_a-stdio.o)
                                                  /usr/local/src/arm-gnu-toolchain-13.2/bin/../lib/gcc/arm-none-eabi/13.2.1/../../../../arm-none-eabi/lib/thumb/v7-m/nofp/libc_nano.a(libc_a-findfp.o)
__seofread                                        /usr/local/src/arm-gnu-toolchain-13.2/bin/../lib/gcc/arm-none-eabi/13.2.1/../../../../arm-none-eabi/lib/thumb/v7-m/nofp/libc_nano.a(libc_a-stdio.o)
__sf                                              /usr/local/src/arm-gnu-toolchain-13.2/bin/../lib/gcc/arm-none-eabi/13.2.1/../../../../arm-none-eabi/lib/thumb/v7-m/nofp/libc_nano.a(libc_a-findfp.o)
                                                  /usr/local/src/arm-gnu-toolchain-13.2/bin/../lib/gcc/arm-none-eabi/13.2.1/../../../../arm-none-eabi/lib/thumb/v7-m/nofp/libc_nano.a(libc_a-impure.o)
__sflush_r                                        /usr/local/src/arm-gnu-toolchain-13.2/bin/../lib/gcc/arm-none-eabi/13.2.1/../../../../arm-none-eabi/lib/thumb/v7-m/nofp/libc_nano.a(libc_a-fflush.o)
__sfp                                             /usr/local/src/arm-gnu-toolchain-13.2/bin/../lib/gcc/arm-none-eabi/13.2.1/../../../../arm-none-eabi/lib/thumb/v7-m/nofp/libc_nano.a(libc_a-findfp.o)
__sfp_lock_acquire                                /usr/local/src/arm-gnu-toolchain-13.2/bin/../lib/gcc/arm-none-eabi/13.2.1/../../../../arm-none-eabi/lib/thumb/v7-m/nofp/libc_nano.a(libc_a-findfp.o)
__sfp_lock_release                                /usr/local/src/arm-gnu-toolchain-13.2/bin/../lib/gcc/arm-none-eabi/13.2.1/../../../../arm-none-eabi/lib/thumb/v7-m/nofp/libc_nano.a(libc_a-findfp.o)
__sglue                                           /usr/local/src/arm-gnu-toolchain-13.2/bin/../lib/gcc/arm-none-eabi/13.2.1/../../../../arm-none-eabi/lib/thumb/v7-m/nofp/libc_nano.a(libc_a-findfp.o)
                                                  /usr/local/src/arm-gnu-toolchain-13.2/bin/../lib/gcc/arm-none-eabi/13.2.1/../../../../arm-none-eabi/lib/thumb/v7-m/nofp/libc_nano.a(libc_a-fflush.o)
__sinit                                           /usr/local/src/arm-gnu-toolchain-13.2/bin/../lib/gcc/arm-none-eabi/13.2.1/../../../../arm-none-eabi/lib/thumb/v7-m/nofp/libc_nano.a(libc_a-findfp.o)
                                                  /usr/local/src/arm-gnu-toolchain-13.2/bin/../lib/gcc/arm-none-eabi/13.2.1/../../../../arm-none-eabi/lib/thumb/v7-m/nofp/libc_nano.a(libc_a-fflush.o)
__sread                                           /usr/local/src/arm-gnu-toolchain-13.2/bin/../lib/gcc/arm-none-eabi/13.2.1/../../../../arm-none-eabi/lib/thumb/v7-m/nofp/libc_nano.a(libc_a-stdio.o)
                                                  /usr/local/src/arm-gnu-toolchain-13.2/bin/../lib/gcc/arm-none-eabi/13.2.1/../../../../arm-none-eabi/lib/thumb/v7-m/nofp/libc_nano.a(libc_a-findfp.o)
__sseek                                           /usr/local/src/arm-gnu-toolchain-13.2/bin/../lib/gcc/arm-none-eabi/13.2.1/../../../../arm-none-eabi/lib/thumb/v7-m/nofp/libc_nano.a(libc_a-stdio.o)
                                                  /usr/local/src/arm-gnu-toolchain-13.2/bin/../lib/gcc/arm-none-eabi/13.2.1/../../../../arm-none-eabi/lib/thumb/v7-m/nofp/libc_nano.a(libc_a-findfp.o)
__stack                                           /usr/local/src/arm-gnu-toolchain-13.2/bin/../lib/gcc/arm-none-eabi/13.2.1/../../../../arm-none-eabi/lib/thumb/v7-m/nofp/crt0.o
__stdio_exit_handler                              /usr/local/src/arm-gnu-toolchain-13.2/bin/../lib/gcc/arm-none-eabi/13.2.1/../../../../arm-none-eabi/lib/thumb/v7-m/nofp/libc_nano.a(libc_a-findfp.o)
                                                  /usr/local/src/arm-gnu-toolchain-13.2/bin/../lib/gcc/arm-none-eabi/13.2.1/../../../../arm-none-eabi/lib/thumb/v7-m/nofp/libc_nano.a(libc_a-exit.o)
__swrite                                          /usr/local/src/arm-gnu-toolchain-13.2/bin/../lib/gcc/arm-none-eabi/13.2.1/../../../../arm-none-eabi/lib/thumb/v7-m/nofp/libc_nano.a(libc_a-stdio.o)
                                                  /usr/local/src/arm-gnu-toolchain-13.2/bin/../lib/gcc/arm-none-eabi/13.2.1/../../../../arm-none-eabi/lib/thumb/v7-m/nofp/libc_nano.a(libc_a-findfp.o)
_bootloader_start                                 build/main.o
_close                                            /usr/local/src/arm-gnu-toolchain-13.2/bin/../lib/gcc/arm-none-eabi/13.2.1/../../../../arm-none-eabi/lib/thumb/v7-m/nofp/libnosys.a(close.o)
                                                  /usr/local/src/arm-gnu-toolchain-13.2/bin/../lib/gcc/arm-none-eabi/13.2.1/../../../../arm-none-eabi/lib/thumb/v7-m/nofp/libc_nano.a(libc_a-closer.o)
_close_r                                          /usr/local/src/arm-gnu-toolchain-13.2/bin/../lib/gcc/arm-none-eabi/13.2.1/../../../../arm-none-eabi/lib/thumb/v7-m/nofp/libc_nano.a(libc_a-closer.o)
                                                  /usr/local/src/arm-gnu-toolchain-13.2/bin/../lib/gcc/arm-none-eabi/13.2.1/../../../../arm-none-eabi/lib/thumb/v7-m/nofp/libc_nano.a(libc_a-stdio.o)
_ebss                                             build/startup_stm32f103xb.o
                                                  build/main.o
_edata                                            build/startup_stm32f103xb.o
                                                  build/main.o
_estack                                           build/startup_stm32f103xb.o
_exit                                             /usr/local/src/arm-gnu-toolchain-13.2/bin/../lib/gcc/arm-none-eabi/13.2.1/../../../../arm-none-eabi/lib/thumb/v7-m/nofp/libnosys.a(_exit.o)
                                                  /usr/local/src/arm-gnu-toolchain-13.2/bin/../lib/gcc/arm-none-eabi/13.2.1/../../../../arm-none-eabi/lib/thumb/v7-m/nofp/libc_nano.a(libc_a-exit.o)
_fflush_r                                         /usr/local/src/arm-gnu-toolchain-13.2/bin/../lib/gcc/arm-none-eabi/13.2.1/../../../../arm-none-eabi/lib/thumb/v7-m/nofp/libc_nano.a(libc_a-fflush.o)
                                                  /usr/local/src/arm-gnu-toolchain-13.2/bin/../lib/gcc/arm-none-eabi/13.2.1/../../../../arm-none-eabi/lib/thumb/v7-m/nofp/libc_nano.a(libc_a-findfp.o)
_fini                                             /usr/local/src/arm-gnu-toolchain-13.2/bin/../lib/gcc/arm-none-eabi/13.2.1/thumb/v7-m/nofp/crti.o
_free_r                                           /usr/local/src/arm-gnu-toolchain-13.2/bin/../lib/gcc/arm-none-eabi/13.2.1/../../../../arm-none-eabi/lib/thumb/v7-m/nofp/libc_nano.a(libc_a-freer.o)
                                                  /usr/local/src/arm-gnu-toolchain-13.2/bin/../lib/gcc/arm-none-eabi/13.2.1/../../../../arm-none-eabi/lib/thumb/v7-m/nofp/libc_nano.a(libc_a-fflush.o)
                                                  /usr/local/src/arm-gnu-toolchain-13.2/bin/../lib/gcc/arm-none-eabi/13.2.1/../../../../arm-none-eabi/lib/thumb/v7-m/nofp/libc_nano.a(libc_a-reent.o)
_fwalk_sglue                                      /usr/local/src/arm-gnu-toolchain-13.2/bin/../lib/gcc/arm-none-eabi/13.2.1/../../../../arm-none-eabi/lib/thumb/v7-m/nofp/libc_nano.a(libc_a-fwalk.o)
                                                  /usr/local/src/arm-gnu-toolchain-13.2/bin/../lib/gcc/arm-none-eabi/13.2.1/../../../../arm-none-eabi/lib/thumb/v7-m/nofp/libc_nano.a(libc_a-fflush.o)
                                                  /usr/local/src/arm-gnu-toolchain-13.2/bin/../lib/gcc/arm-none-eabi/13.2.1/../../../../arm-none-eabi/lib/thumb/v7-m/nofp/libc_nano.a(libc_a-findfp.o)
_impure_data                                      /usr/local/src/arm-gnu-toolchain-13.2/bin/../lib/gcc/arm-none-eabi/13.2.1/../../../../arm-none-eabi/lib/thumb/v7-m/nofp/libc_nano.a(libc_a-impure.o)
                                                  /usr/local/src/arm-gnu-toolchain-13.2/bin/../lib/gcc/arm-none-eabi/13.2.1/../../../../arm-none-eabi/lib/thumb/v7-m/nofp/libc_nano.a(libc_a-fflush.o)
                                                  /usr/local/src/arm-gnu-toolchain-13.2/bin/../lib/gcc/arm-none-eabi/13.2.1/../../../../arm-none-eabi/lib/thumb/v7-m/nofp/libc_nano.a(libc_a-findfp.o)
_impure_ptr                                       /usr/local/src/arm-gnu-toolchain-13.2/bin/../lib/gcc/arm-none-eabi/13.2.1/../../../../arm-none-eabi/lib/thumb/v7-m/nofp/libc_nano.a(libc_a-impure.o)
                                                  /usr/local/src/arm-gnu-toolchain-13.2/bin/../lib/gcc/arm-none-eabi/13.2.1/../../../../arm-none-eabi/lib/thumb/v7-m/nofp/libc_nano.a(libc_a-fflush.o)
                                                  /usr/local/src/arm-gnu-toolchain-13.2/bin/../lib/gcc/arm-none-eabi/13.2.1/../../../../arm-none-eabi/lib/thumb/v7-m/nofp/libc_nano.a(libc_a-reent.o)
_init                                             /usr/local/src/arm-gnu-toolchain-13.2/bin/../lib/gcc/arm-none-eabi/13.2.1/thumb/v7-m/nofp/crti.o
                                                  /usr/local/src/arm-gnu-toolchain-13.2/bin/../lib/gcc/arm-none-eabi/13.2.1/../../../../arm-none-eabi/lib/thumb/v7-m/nofp/libc_nano.a(libc_a-init.o)
_lseek                                            /usr/local/src/arm-gnu-toolchain-13.2/bin/../lib/gcc/arm-none-eabi/13.2.1/../../../../arm-none-eabi/lib/thumb/v7-m/nofp/libnosys.a(lseek.o)
                                                  /usr/local/src/arm-gnu-toolchain-13.2/bin/../lib/gcc/arm-none-eabi/13.2.1/../../../../arm-none-eabi/lib/thumb/v7-m/nofp/libc_nano.a(libc_a-lseekr.o)
_lseek_r                                          /usr/local/src/arm-gnu-toolchain-13.2/bin/../lib/gcc/arm-none-eabi/13.2.1/../../../../arm-none-eabi/lib/thumb/v7-m/nofp/libc_nano.a(libc_a-lseekr.o)
                                                  /usr/local/src/arm-gnu-toolchain-13.2/bin/../lib/gcc/arm-none-eabi/13.2.1/../../../../arm-none-eabi/lib/thumb/v7-m/nofp/libc_nano.a(libc_a-stdio.o)
_mainCRTStartup                                   /usr/local/src/arm-gnu-toolchain-13.2/bin/../lib/gcc/arm-none-eabi/13.2.1/../../../../arm-none-eabi/lib/thumb/v7-m/nofp/crt0.o
_malloc_r                                         /usr/local/src/arm-gnu-toolchain-13.2/bin/../lib/gcc/arm-none-eabi/13.2.1/../../../../arm-none-eabi/lib/thumb/v7-m/nofp/libc_nano.a(libc_a-mallocr.o)
                                                  /usr/local/src/arm-gnu-toolchain-13.2/bin/../lib/gcc/arm-none-eabi/13.2.1/../../../../arm-none-eabi/lib/thumb/v7-m/nofp/libc_nano.a(libc_a-findfp.o)
_read                                             /usr/local/src/arm-gnu-toolchain-13.2/bin/../lib/gcc/arm-none-eabi/13.2.1/../../../../arm-none-eabi/lib/thumb/v7-m/nofp/libnosys.a(read.o)
                                                  /usr/local/src/arm-gnu-toolchain-13.2/bin/../lib/gcc/arm-none-eabi/13.2.1/../../../../arm-none-eabi/lib/thumb/v7-m/nofp/libc_nano.a(libc_a-readr.o)
_read_r                                           /usr/local/src/arm-gnu-toolchain-13.2/bin/../lib/gcc/arm-none-eabi/13.2.1/../../../../arm-none-eabi/lib/thumb/v7-m/nofp/libc_nano.a(libc_a-readr.o)
                                                  /usr/local/src/arm-gnu-toolchain-13.2/bin/../lib/gcc/arm-none-eabi/13.2.1/../../../../arm-none-eabi/lib/thumb/v7-m/nofp/libc_nano.a(libc_a-stdio.o)
_reclaim_reent                                    /usr/local/src/arm-gnu-toolchain-13.2/bin/../lib/gcc/arm-none-eabi/13.2.1/../../../../arm-none-eabi/lib/thumb/v7-m/nofp/libc_nano.a(libc_a-reent.o)
_sbrk                                             /usr/local/src/arm-gnu-toolchain-13.2/bin/../lib/gcc/arm-none-eabi/13.2.1/../../../../arm-none-eabi/lib/thumb/v7-m/nofp/libnosys.a(sbrk.o)
                                                  /usr/local/src/arm-gnu-toolchain-13.2/bin/../lib/gcc/arm-none-eabi/13.2.1/../../../../arm-none-eabi/lib/thumb/v7-m/nofp/libc_nano.a(libc_a-sbrkr.o)
_sbrk_r                                           /usr/local/src/arm-gnu-toolchain-13.2/bin/../lib/gcc/arm-none-eabi/13.2.1/../../../../arm-none-eabi/lib/thumb/v7-m/nofp/libc_nano.a(libc_a-sbrkr.o)
                                                  /usr/local/src/arm-gnu-toolchain-13.2/bin/../lib/gcc/arm-none-eabi/13.2.1/../../../../arm-none-eabi/lib/thumb/v7-m/nofp/libc_nano.a(libc_a-mallocr.o)
_sbss                                             build/startup_stm32f103xb.o
                                                  build/main.o
_sdata                                            build/startup_stm32f103xb.o
                                                  build/main.o
_sidata                                           build/startup_stm32f103xb.o
                                                  build/main.o
_stack_init                                       /usr/local/src/arm-gnu-toolchain-13.2/bin/../lib/gcc/arm-none-eabi/13.2.1/../../../../arm-none-eabi/lib/thumb/v7-m/nofp/crt0.o
_start                                            /usr/local/src/arm-gnu-toolchain-13.2/bin/../lib/gcc/arm-none-eabi/13.2.1/../../../../arm-none-eabi/lib/thumb/v7-m/nofp/crt0.o
_write                                            /usr/local/src/arm-gnu-toolchain-13.2/bin/../lib/gcc/arm-none-eabi/13.2.1/../../../../arm-none-eabi/lib/thumb/v7-m/nofp/libnosys.a(write.o)
                                                  /usr/local/src/arm-gnu-toolchain-13.2/bin/../lib/gcc/arm-none-eabi/13.2.1/../../../../arm-none-eabi/lib/thumb/v7-m/nofp/libc_nano.a(libc_a-writer.o)
_write_r                                          /usr/local/src/arm-gnu-toolchain-13.2/bin/../lib/gcc/arm-none-eabi/13.2.1/../../../../arm-none-eabi/lib/thumb/v7-m/nofp/libc_nano.a(libc_a-writer.o)
                                                  /usr/local/src/arm-gnu-toolchain-13.2/bin/../lib/gcc/arm-none-eabi/13.2.1/../../../../arm-none-eabi/lib/thumb/v7-m/nofp/libc_nano.a(libc_a-stdio.o)
atexit                                            /usr/local/src/arm-gnu-toolchain-13.2/bin/../lib/gcc/arm-none-eabi/13.2.1/../../../../arm-none-eabi/lib/thumb/v7-m/nofp/crt0.o
bootloader_io_erase                               build/bootloader_io.o
                                                  build/bootloader_cmd.o
bootloader_io_get_dev_id                          build/bootloader_io.o
                                                  build/bootloader_cmd.o
bootloader_io_program                             build/bootloader_io.o
                                                  build/bootloader_cmd.o
bootloader_io_read                                build/bootloader_io.o
                                                  build/bootloader_cmd.o
bootloader_io_write                               build/bootloader_io.o
                                                  build/bootloader_cmd.o
bootloader_proccess_input                         build/bootloader_cmd.o
                                                  build/main.o
bootloader_start_output                           build/bootloader_cmd.o
                                                  build/main.o
bootloader_uart                                   build/main.o
                                                  build/bootloader_io.o
end                                               /usr/local/src/arm-gnu-toolchain-13.2/bin/../lib/gcc/arm-none-eabi/13.2.1/../../../../arm-none-eabi/lib/thumb/v7-m/nofp/libnosys.a(sbrk.o)
errno                                             /usr/local/src/arm-gnu-toolchain-13.2/bin/../lib/gcc/arm-none-eabi/13.2.1/../../../../arm-none-eabi/lib/thumb/v7-m/nofp/libc_nano.a(libc_a-reent.o)
                                                  /usr/local/src/arm-gnu-toolchain-13.2/bin/../lib/gcc/arm-none-eabi/13.2.1/../../../../arm-none-eabi/lib/thumb/v7-m/nofp/libnosys.a(write.o)
                                                  /usr/local/src/arm-gnu-toolchain-13.2/bin/../lib/gcc/arm-none-eabi/13.2.1/../../../../arm-none-eabi/lib/thumb/v7-m/nofp/libnosys.a(read.o)
                                                  /usr/local/src/arm-gnu-toolchain-13.2/bin/../lib/gcc/arm-none-eabi/13.2.1/../../../../arm-none-eabi/lib/thumb/v7-m/nofp/libnosys.a(lseek.o)
                                                  /usr/local/src/arm-gnu-toolchain-13.2/bin/../lib/gcc/arm-none-eabi/13.2.1/../../../../arm-none-eabi/lib/thumb/v7-m/nofp/libnosys.a(close.o)
                                                  /usr/local/src/arm-gnu-toolchain-13.2/bin/../lib/gcc/arm-none-eabi/13.2.1/../../../../arm-none-eabi/lib/thumb/v7-m/nofp/libc_nano.a(libc_a-sbrkr.o)
                                                  /usr/local/src/arm-gnu-toolchain-13.2/bin/../lib/gcc/arm-none-eabi/13.2.1/../../../../arm-none-eabi/lib/thumb/v7-m/nofp/libc_nano.a(libc_a-lseekr.o)
                                                  /usr/local/src/arm-gnu-toolchain-13.2/bin/../lib/gcc/arm-none-eabi/13.2.1/../../../../arm-none-eabi/lib/thumb/v7-m/nofp/libc_nano.a(libc_a-closer.o)
                                                  /usr/local/src/arm-gnu-toolchain-13.2/bin/../lib/gcc/arm-none-eabi/13.2.1/../../../../arm-none-eabi/lib/thumb/v7-m/nofp/libc_nano.a(libc_a-writer.o)
                                                  /usr/local/src/arm-gnu-toolchain-13.2/bin/../lib/gcc/arm-none-eabi/13.2.1/../../../../arm-none-eabi/lib/thumb/v7-m/nofp/libc_nano.a(libc_a-readr.o)
exit                                              /usr/local/src/arm-gnu-toolchain-13.2/bin/../lib/gcc/arm-none-eabi/13.2.1/../../../../arm-none-eabi/lib/thumb/v7-m/nofp/libc_nano.a(libc_a-exit.o)
                                                  /usr/local/src/arm-gnu-toolchain-13.2/bin/../lib/gcc/arm-none-eabi/13.2.1/../../../../arm-none-eabi/lib/thumb/v7-m/nofp/crt0.o
fflush                                            /usr/local/src/arm-gnu-toolchain-13.2/bin/../lib/gcc/arm-none-eabi/13.2.1/../../../../arm-none-eabi/lib/thumb/v7-m/nofp/libc_nano.a(libc_a-fflush.o)
g_pfnVectors                                      build/startup_stm32f103xb.o
hardware_init_hook                                /usr/local/src/arm-gnu-toolchain-13.2/bin/../lib/gcc/arm-none-eabi/13.2.1/../../../../arm-none-eabi/lib/thumb/v7-m/nofp/crt0.o
huart1                                            build/main.o
main                                              build/main.o
                                                  build/startup_stm32f103xb.o
                                                  /usr/local/src/arm-gnu-toolchain-13.2/bin/../lib/gcc/arm-none-eabi/13.2.1/../../../../arm-none-eabi/lib/thumb/v7-m/nofp/crt0.o
memcpy                                            /usr/local/src/arm-gnu-toolchain-13.2/bin/../lib/gcc/arm-none-eabi/13.2.1/../../../../arm-none-eabi/lib/thumb/v7-m/nofp/libc_nano.a(libc_a-memcpy-stub.o)
                                                  build/bootloader_cmd.o
                                                  build/main.o
memset                                            /usr/local/src/arm-gnu-toolchain-13.2/bin/../lib/gcc/arm-none-eabi/13.2.1/../../../../arm-none-eabi/lib/thumb/v7-m/nofp/libc_nano.a(libc_a-memset.o)
                                                  /usr/local/src/arm-gnu-toolchain-13.2/bin/../lib/gcc/arm-none-eabi/13.2.1/../../../../arm-none-eabi/lib/thumb/v7-m/nofp/libc_nano.a(libc_a-findfp.o)
                                                  build/stm32f1xx_hal_msp.o
                                                  build/main.o
                                                  /usr/local/src/arm-gnu-toolchain-13.2/bin/../lib/gcc/arm-none-eabi/13.2.1/../../../../arm-none-eabi/lib/thumb/v7-m/nofp/crt0.o
pFlash                                            build/stm32f1xx_hal_flash.o
                                                  build/stm32f1xx_hal_flash_ex.o
software_init_hook                                /usr/local/src/arm-gnu-toolchain-13.2/bin/../lib/gcc/arm-none-eabi/13.2.1/../../../../arm-none-eabi/lib/thumb/v7-m/nofp/crt0.o
uwTick                                            build/stm32f1xx_hal.o
uwTickFreq                                        build/stm32f1xx_hal.o
uwTickPrio                                        build/stm32f1xx_hal.o
                                                  build/stm32f1xx_hal_rcc.o
vector_table                                      build/main.o
